Archive member included because of file (symbol)

C:\Program Files (x86)\VEX Robotics\VEXcode V5 Text\sdk/vexv5\libv5rt.a(v5_startup.c.obj)
                              (vexStartup)
C:\Program Files (x86)\VEX Robotics\VEXcode V5 Text\sdk/vexv5\libv5rt.a(v5_util.c.obj)
                              C:\Program Files (x86)\VEX Robotics\VEXcode V5 Text\sdk/vexv5\libv5rt.a(v5_startup.c.obj) (vexStdlibVersionLinked)
C:\Program Files (x86)\VEX Robotics\VEXcode V5 Text\sdk/vexv5\libv5rt.a(v5_apijump.c.obj)
                              C:\Program Files (x86)\VEX Robotics\VEXcode V5 Text\sdk/vexv5\libv5rt.a(v5_startup.c.obj) (vexPrivateApiEnable)
C:\Program Files (x86)\VEX Robotics\VEXcode V5 Text\sdk/vexv5\libv5rt.a(v5_apiversions.c.obj)
                              C:\Program Files (x86)\VEX Robotics\VEXcode V5 Text\sdk/vexv5\libv5rt.a(v5_apijump.c.obj) (vexSystemVersion)
C:\Program Files (x86)\VEX Robotics\VEXcode V5 Text\sdk/vexv5\libv5rt.a(vex_global.cpp.obj)
                              build/src/auto7.o (vex::hold)
C:\Program Files (x86)\VEX Robotics\VEXcode V5 Text\sdk/vexv5\libv5rt.a(vex_motor.cpp.obj)
                              build/src/main.o (vex::motor::~motor())
C:\Program Files (x86)\VEX Robotics\VEXcode V5 Text\sdk/vexv5\libv5rt.a(vex_controller.cpp.obj)
                              build/src/main.o (vex::controller::~controller())
C:\Program Files (x86)\VEX Robotics\VEXcode V5 Text\sdk/vexv5\libv5rt.a(vex_task.cpp.obj)
                              build/src/auto7.o (vex::task::task(int (*)()))
C:\Program Files (x86)\VEX Robotics\VEXcode V5 Text\sdk/vexv5\libv5rt.a(vex_thread.cpp.obj)
                              C:\Program Files (x86)\VEX Robotics\VEXcode V5 Text\sdk/vexv5\libv5rt.a(vex_global.cpp.obj) (vex::this_thread::sleep_for(unsigned long))
C:\Program Files (x86)\VEX Robotics\VEXcode V5 Text\sdk/vexv5\libv5rt.a(vex_event.cpp.obj)
                              C:\Program Files (x86)\VEX Robotics\VEXcode V5 Text\sdk/vexv5\libv5rt.a(vex_controller.cpp.obj) (vex::event::init(unsigned long, unsigned long, void (*)()))
C:\Program Files (x86)\VEX Robotics\VEXcode V5 Text\sdk/vexv5\libv5rt.a(vex_mevent.cpp.obj)
                              C:\Program Files (x86)\VEX Robotics\VEXcode V5 Text\sdk/vexv5\libv5rt.a(vex_controller.cpp.obj) (vex::mevent::mevent(unsigned long, unsigned long))
C:\Program Files (x86)\VEX Robotics\VEXcode V5 Text\sdk/vexv5\libv5rt.a(vex_brain.cpp.obj)
                              build/src/main.o (vex::brain::~brain())
C:\Program Files (x86)\VEX Robotics\VEXcode V5 Text\sdk/vexv5\libv5rt.a(vex_competition.cpp.obj)
                              build/src/main.o (vex::competition::competition())
C:\Program Files (x86)\VEX Robotics\VEXcode V5 Text\sdk/vexv5\libv5rt.a(vex_triport.cpp.obj)
                              C:\Program Files (x86)\VEX Robotics\VEXcode V5 Text\sdk/vexv5\libv5rt.a(vex_brain.cpp.obj) (vex::triport::~triport())
C:\Program Files (x86)\VEX Robotics\VEXcode V5 Text\sdk/vexv5\libv5rt.a(vex_color.cpp.obj)
                              build/src/activity_main.o (vex::color::~color())
C:\Program Files (x86)\VEX Robotics\VEXcode V5 Text\sdk/vexv5\libv5rt.a(vex_timer.cpp.obj)
                              build/src/auto7.o (vex::timer::~timer())
C:\Program Files (x86)\VEX Robotics\VEXcode V5 Text\sdk/vexv5\libv5rt.a(v5_apiuser.c.obj)
                              C:\Program Files (x86)\VEX Robotics\VEXcode V5 Text\sdk/vexv5\libv5rt.a(vex_triport.cpp.obj) (vexAdiPortConfigSet)
C:\Program Files (x86)\VEX Robotics\VEXcode V5 Text\sdk/vexv5\libv5rt.a(vex_device.cpp.obj)
                              C:\Program Files (x86)\VEX Robotics\VEXcode V5 Text\sdk/vexv5\libv5rt.a(vex_triport.cpp.obj) (vex::device::value())
C:\Program Files (x86)\VEX Robotics\VEXcode V5 Text\sdk/vexv5/gcc/libs\libc.a(lib_a-fini.o)
                              C:\Program Files (x86)\VEX Robotics\VEXcode V5 Text\sdk/vexv5\libv5rt.a(v5_startup.c.obj) (__libc_fini_array)
C:\Program Files (x86)\VEX Robotics\VEXcode V5 Text\sdk/vexv5/gcc/libs\libc.a(lib_a-impure.o)
                              C:\Program Files (x86)\VEX Robotics\VEXcode V5 Text\sdk/vexv5\libv5rt.a(v5_startup.c.obj) (_impure_ptr)
C:\Program Files (x86)\VEX Robotics\VEXcode V5 Text\sdk/vexv5/gcc/libs\libc.a(lib_a-init.o)
                              C:\Program Files (x86)\VEX Robotics\VEXcode V5 Text\sdk/vexv5\libv5rt.a(v5_startup.c.obj) (__libc_init_array)
C:\Program Files (x86)\VEX Robotics\VEXcode V5 Text\sdk/vexv5/gcc/libs\libc.a(lib_a-rand.o)
                              build/src/activity_loading.o (rand)
C:\Program Files (x86)\VEX Robotics\VEXcode V5 Text\sdk/vexv5/gcc/libs\libc.a(lib_a-tolower.o)
                              C:\Program Files (x86)\VEX Robotics\VEXcode V5 Text\sdk/vexv5\libv5rt.a(vex_brain.cpp.obj) (tolower)
C:\Program Files (x86)\VEX Robotics\VEXcode V5 Text\sdk/vexv5/gcc/libs\libc.a(lib_a-ctype_.o)
[...]
Memory Configuration

Name             Origin             Length             Attributes
ps7_ddr_0_S_AXI_BASEADDR 0x03800000         0x04800000
*default*        0x00000000         0xffffffff

Linker script and memory map

                0x00002000                _STACK_SIZE = DEFINED (_STACK_SIZE)?_STACK_SIZE:0x2000
                0x00100000                _HEAP_SIZE = DEFINED (_HEAP_SIZE)?_HEAP_SIZE:0x100000
                0x00000400                _ABORT_STACK_SIZE = DEFINED (_ABORT_STACK_SIZE)?_ABORT_STACK_SIZE:0x400
                0x00000800                _SUPERVISOR_STACK_SIZE = DEFINED (_SUPERVISOR_STACK_SIZE)?_SUPERVISOR_STACK_SIZE:0x800
                0x00000400                _IRQ_STACK_SIZE = DEFINED (_IRQ_STACK_SIZE)?_IRQ_STACK_SIZE:0x400
                0x00000400                _FIQ_STACK_SIZE = DEFINED (_FIQ_STACK_SIZE)?_FIQ_STACK_SIZE:0x400
                0x00000400                _UNDEF_STACK_SIZE = DEFINED (_UNDEF_STACK_SIZE)?_UNDEF_STACK_SIZE:0x400

.text           0x03800000     0x9478
 *(.vectors)
 *(.boot_data)
 .boot_data     0x03800000       0x20 C:\Program Files (x86)\VEX Robotics\VEXcode V5 Text\sdk/vexv5\libv5rt.a(v5_startup.c.obj)
                0x03800000                vexCodeSig
                0x00000020                . = 0x20
 *(.boot)
 .boot          0x03800020       0xbc C:\Program Files (x86)\VEX Robotics\VEXcode V5 Text\sdk/vexv5\libv5rt.a(v5_startup.c.obj)
                0x03800020                vexStartup
                0x03800100                . = ALIGN (0x40)
 *fill*         0x038000dc       0x24 
 *(.freertos_vectors)
 *(.text)
 *(.text.*)
 .text._Z5auto1v
                0x03800100        0x4 build/src/auto1.o
                0x03800100                auto1()
 *fill*         0x03800104        0x4 
 .text._Z5auto7v
                0x03800108      0x4b0 build/src/auto7.o
                0x03800108                auto7()
 .text._Z9pre_autonv
                0x038005b8      0x17c build/src/main.o
                0x038005b8                pre_auton()
 .text._Z10autonomousv
                0x03800734        0x4 build/src/main.o
                0x03800734                autonomous()
 .text._Z13drivercontrolv
                0x03800738      0x3f8 build/src/main.o
                0x03800738                drivercontrol()
 .text.main     0x03800b30       0x34 build/src/main.o
                0x03800b30                main
 .text._GLOBAL__sub_I_main.cpp
                0x03800b64      0x3e4 build/src/main.o
 .text.__cxx_global_array_dtor
                0x03800f48       0x2c build/src/activity_main.o
 .text.__cxx_global_array_dtor.5
                0x03800f74       0x2c build/src/activity_main.o
 .text._Z13activity_mainv
                0x03800fa0      0x1d4 build/src/activity_main.o
                0x03800fa0                activity_main()
 .text._GLOBAL__sub_I_activity_main.cpp
                0x03801174       0xf0 build/src/activity_main.o
 .text.__cxx_global_array_dtor
                0x03801264       0x2c build/src/activity_autoSelect.o
 .text.__cxx_global_array_dtor.5
                0x03801290       0x2c build/src/activity_autoSelect.o
 .text._Z19activity_autoSelectv
                0x038012bc      0x70c build/src/activity_autoSelect.o
                0x038012bc                activity_autoSelect()
 .text._Z7drawMapv
                0x038019c8      0x9f0 build/src/activity_autoSelect.o
                0x038019c8                drawMap()
 .text._Z9drawStartff
                0x038023b8      0x110 build/src/activity_autoSelect.o
                0x038023b8                drawStart(float, float)
 .text._GLOBAL__sub_I_activity_autoSelect.cpp
                0x038024c8       0xf0 build/src/activity_autoSelect.o
 .text._Z5auto3v
                0x038025b8      0x500 build/src/auto3.o
                0x038025b8                auto3()
 .text._Z8gyroInitv
                0x03802ab8       0xe4 build/src/motorControl.o
                0x03802ab8                gyroInit()
 .text._Z10ResetMotorv
                0x03802b9c      0x16c build/src/motorControl.o
                0x03802b9c                ResetMotor()
 .text._Z4Moveff
                0x03802d08       0xc8 build/src/motorControl.o
                0x03802d08                Move(float, float)
 .text._Z5sMoveff
                0x03802dd0       0xc8 build/src/motorControl.o
                0x03802dd0                sMove(float, float)
 .text._Z4StopN3vex9brakeTypeE
                0x03802e98       0x50 build/src/motorControl.o
                0x03802e98                Stop(vex::brakeType)
 .text._Z4Lifti
                0x03802ee8       0x68 build/src/motorControl.o
                0x03802ee8                Lift(int)
 .text._Z4TrayfN3vex9brakeTypeEf
                0x03802f50      0x128 build/src/motorControl.o
                0x03802f50                Tray(float, vex::brakeType, float)
 .text._Z6IntakefN3vex9brakeTypeE
                0x03803078       0xa8 build/src/motorControl.o
                0x03803078                Intake(float, vex::brakeType)
 .text._Z6spreadb
                0x03803120      0x1e8 build/src/motorControl.o
                0x03803120                spread(bool)
 .text._Z11rushForwardiffb
                0x03803308      0x198 build/src/motorControl.o
                0x03803308                rushForward(int, float, float, bool)
 .text._Z12rushBackwardiffb
                0x038034a0      0x198 build/src/motorControl.o
                0x038034a0                rushBackward(int, float, float, bool)
 .text._Z10locateCubev
                0x03803638      0x208 build/src/motorControl.o
                0x03803638                locateCube()
 .text._Z9goForwardifffff
                0x03803840      0x364 build/src/motorControl.o
                0x03803840                goForward(int, float, float, float, float, float)
 *fill*         0x03803ba4        0x4 
 .text._Z10goBackwardifffff
                0x03803ba8      0x37c build/src/motorControl.o
                0x03803ba8                goBackward(int, float, float, float, float, float)
 *fill*         0x03803f24        0x4 
 .text._Z16turnLeftWithGyroiffbfff
                0x03803f28      0x27c build/src/motorControl.o
                0x03803f28                turnLeftWithGyro(int, float, float, bool, float, float, float)
 *fill*         0x038041a4        0x4 
 .text._Z17turnRightWithGyroiffbfff
                0x038041a8      0x27c build/src/motorControl.o
                0x038041a8                turnRightWithGyro(int, float, float, bool, float, float, float)
 *fill*         0x03804424        0x4 
 .text._Z18turnRightWithGyroLiffbfff
                0x03804428      0x24c build/src/motorControl.o
                0x03804428                turnRightWithGyroL(int, float, float, bool, float, float, float)
 *fill*         0x03804674        0x4 
 .text._Z17turnLeftWithGyroRiffbfff
                0x03804678      0x24c build/src/motorControl.o
                0x03804678                turnLeftWithGyroR(int, float, float, bool, float, float, float)
 .text._Z7runAutov
                0x038048c4       0xa0 build/src/auto.o
                0x038048c4                runAuto()
 *fill*         0x03804964        0x4 
 .text._Z8autoTestv
                0x03804968      0x360 build/src/auto.o
                0x03804968                autoTest()
 .text._Z5auto5v
                0x03804cc8      0x53c build/src/auto.o
                0x03804cc8                auto5()
 *fill*         0x03805204        0x4 
 .text._Z5auto6v
                0x03805208      0x380 build/src/auto.o
                0x03805208                auto6()
 .text._Z14displayTeamNumv
                0x03805588       0xf8 build/src/activity_loading.o
                0x03805588                displayTeamNum()
 .text._Z16activity_loadingSsb
                0x03805680      0x434 build/src/activity_loading.o
                0x03805680                activity_loading(std::string, bool)
 .text._Z15activityControli
                0x03805ab4       0x4c build/src/activityControl.o
                0x03805ab4                activityControl(int)
 .text._Z12activityMaini
                0x03805b00       0x74 build/src/activityControl.o
                0x03805b00                activityMain(int)
 .text._Z8GyroTaskv
                0x03805b74      0x12c build/src/GyroLib.o
                0x03805b74                GyroTask()
 .text._Z12GyroGetAnglev
                0x03805ca0       0x10 build/src/GyroLib.o
                0x03805ca0                GyroGetAngle()
 .text._Z15GyroGetAbsAnglev
                0x03805cb0       0x10 build/src/GyroLib.o
                0x03805cb0                GyroGetAbsAngle()
 .text._Z12GyroGetValidv
                0x03805cc0       0x10 build/src/GyroLib.o
                0x03805cc0                GyroGetValid()
 .text._Z20activity_sensorValuev
                0x03805cd0      0x158 build/src/activity_sensorValue.o
                0x03805cd0                activity_sensorValue()
 .text._Z5auto2v
                0x03805e28        0x4 build/src/auto2.o
                0x03805e28                auto2()
 .text._Z18activity_motorInfov
                0x03805e2c       0xfc build/src/activity_motorInfo.o
                0x03805e2c                activity_motorInfo()
 .text._Z18activity_robotTestv
                0x03805f28      0x4f0 build/src/activity_robotTest.o
                0x03805f28                activity_robotTest()
 .text.vexMain  0x03806418       0xb0 C:\Program Files (x86)\VEX Robotics\VEXcode V5 Text\sdk/vexv5\libv5rt.a(v5_startup.c.obj)
                0x03806418                vexMain
 .text.__vex_function_prolog
                0x038064c8       0x18 C:\Program Files (x86)\VEX Robotics\VEXcode V5 Text\sdk/vexv5\libv5rt.a(v5_startup.c.obj)
                0x038064c8                __vex_function_prolog
 .text._init    0x038064e0        0x4 C:\Program Files (x86)\VEX Robotics\VEXcode V5 Text\sdk/vexv5\libv5rt.a(v5_startup.c.obj)
                0x038064e0                _init
 .text._fini    0x038064e4        0x4 C:\Program Files (x86)\VEX Robotics\VEXcode V5 Text\sdk/vexv5\libv5rt.a(v5_startup.c.obj)
                0x038064e4                _fini
 .text.vexStdlibVersionLinked
                0x038064e8        0xc C:\Program Files (x86)\VEX Robotics\VEXcode V5 Text\sdk/vexv5\libv5rt.a(v5_util.c.obj)
                0x038064e8                vexStdlibVersionLinked
 .text.vexStdlibVersionVerify
                0x038064f4       0x30 C:\Program Files (x86)\VEX Robotics\VEXcode V5 Text\sdk/vexv5\libv5rt.a(v5_util.c.obj)
                0x038064f4                vexStdlibVersionVerify
 .text.vexPrivateApiEnable
                0x03806524       0x10 C:\Program Files (x86)\VEX Robotics\VEXcode V5 Text\sdk/vexv5\libv5rt.a(v5_apijump.c.obj)
                0x03806524                vexPrivateApiEnable
 .text.vexStdlibMismatchError
                0x03806534       0x3c C:\Program Files (x86)\VEX Robotics\VEXcode V5 Text\sdk/vexv5\libv5rt.a(v5_apijump.c.obj)
                0x03806534                vexStdlibMismatchError
 .text.vexTaskAdd
                0x03806570       0x10 C:\Program Files (x86)\VEX Robotics\VEXcode V5 Text\sdk/vexv5\libv5rt.a(v5_apijump.c.obj)
                0x03806570                vexTaskAdd
 .text.vexTaskStop
                0x03806580       0x10 C:\Program Files (x86)\VEX Robotics\VEXcode V5 Text\sdk/vexv5\libv5rt.a(v5_apijump.c.obj)
                0x03806580                vexTaskStop
 .text.vexTaskSuspend
                0x03806590       0x10 C:\Program Files (x86)\VEX Robotics\VEXcode V5 Text\sdk/vexv5\libv5rt.a(v5_apijump.c.obj)
                0x03806590                vexTaskSuspend
 .text.vexTaskResume
                0x038065a0       0x10 C:\Program Files (x86)\VEX Robotics\VEXcode V5 Text\sdk/vexv5\libv5rt.a(v5_apijump.c.obj)
                0x038065a0                vexTaskResume
 .text.vexTasksRun
                0x038065b0       0x10 C:\Program Files (x86)\VEX Robotics\VEXcode V5 Text\sdk/vexv5\libv5rt.a(v5_apijump.c.obj)
                0x038065b0                vexTasksRun
 .text.vexTaskYield
                0x038065c0       0x10 C:\Program Files (x86)\VEX Robotics\VEXcode V5 Text\sdk/vexv5\libv5rt.a(v5_apijump.c.obj)
                0x038065c0                vexTaskYield
 .text.vexTaskCheckTimeslice
                0x038065d0       0x10 C:\Program Files (x86)\VEX Robotics\VEXcode V5 Text\sdk/vexv5\libv5rt.a(v5_apijump.c.obj)
                0x038065d0                vexTaskCheckTimeslice
 .text.vexTaskSleep
                0x038065e0       0x10 C:\Program Files (x86)\VEX Robotics\VEXcode V5 Text\sdk/vexv5\libv5rt.a(v5_apijump.c.obj)
                0x038065e0                vexTaskSleep
 .text.vexTasksDump
                0x038065f0       0x1c C:\Program Files (x86)\VEX Robotics\VEXcode V5 Text\sdk/vexv5\libv5rt.a(v5_apijump.c.obj)
                0x038065f0                vexTasksDump
 .text.vexTaskGetTaskIndex
                0x0380660c       0x10 C:\Program Files (x86)\VEX Robotics\VEXcode V5 Text\sdk/vexv5\libv5rt.a(v5_apijump.c.obj)
                0x0380660c                vexTaskGetTaskIndex
 .text.vexTaskStopAll
                0x0380661c       0x10 C:\Program Files (x86)\VEX Robotics\VEXcode V5 Text\sdk/vexv5\libv5rt.a(v5_apijump.c.obj)
                0x0380661c                vexTaskStopAll
 .text.vexTaskRemoveAllUser
                0x0380662c       0x34 C:\Program Files (x86)\VEX Robotics\VEXcode V5 Text\sdk/vexv5\libv5rt.a(v5_apijump.c.obj)
                0x0380662c                vexTaskRemoveAllUser
 .text.vexTaskCompletionIdSet
                0x03806660       0x10 C:\Program Files (x86)\VEX Robotics\VEXcode V5 Text\sdk/vexv5\libv5rt.a(v5_apijump.c.obj)
                0x03806660                vexTaskCompletionIdSet
 .text.vexCriticalSection
                0x03806670       0x2c C:\Program Files (x86)\VEX Robotics\VEXcode V5 Text\sdk/vexv5\libv5rt.a(v5_apijump.c.obj)
                0x03806670                vexCriticalSection
 .text.vexEventAdd
                0x0380669c       0x34 C:\Program Files (x86)\VEX Robotics\VEXcode V5 Text\sdk/vexv5\libv5rt.a(v5_apijump.c.obj)
                0x0380669c                vexEventAdd
 .text.vexEventUserIndexGet
                0x038066d0       0x1c C:\Program Files (x86)\VEX Robotics\VEXcode V5 Text\sdk/vexv5\libv5rt.a(v5_apijump.c.obj)
                0x038066d0                vexEventUserIndexGet
 .text.vexEventAddWithArg
                0x038066ec       0x3c C:\Program Files (x86)\VEX Robotics\VEXcode V5 Text\sdk/vexv5\libv5rt.a(v5_apijump.c.obj)
                0x038066ec                vexEventAddWithArg
 .text.vexEventsCleanup
                0x03806728       0x2c C:\Program Files (x86)\VEX Robotics\VEXcode V5 Text\sdk/vexv5\libv5rt.a(v5_apijump.c.obj)
                0x03806728                vexEventsCleanup
 .text.vexDebug
                0x03806754       0x38 C:\Program Files (x86)\VEX Robotics\VEXcode V5 Text\sdk/vexv5\libv5rt.a(v5_apijump.c.obj)
                0x03806754                vexDebug
 .text.vex_sprintf
                0x0380678c       0x40 C:\Program Files (x86)\VEX Robotics\VEXcode V5 Text\sdk/vexv5\libv5rt.a(v5_apijump.c.obj)
                0x0380678c                vex_sprintf
 .text.vex_vsnprintf
                0x038067cc       0x3c C:\Program Files (x86)\VEX Robotics\VEXcode V5 Text\sdk/vexv5\libv5rt.a(v5_apijump.c.obj)
                0x038067cc                vex_vsnprintf
 .text.vexSystemTimeGet
                0x03806808       0x1c C:\Program Files (x86)\VEX Robotics\VEXcode V5 Text\sdk/vexv5\libv5rt.a(v5_apijump.c.obj)
                0x03806808                vexSystemTimeGet
 .text.vexSystemExitRequest
                0x03806824       0x1c C:\Program Files (x86)\VEX Robotics\VEXcode V5 Text\sdk/vexv5\libv5rt.a(v5_apijump.c.obj)
                0x03806824                vexSystemExitRequest
 .text.vexDeviceGetByIndex
                0x03806840       0x24 C:\Program Files (x86)\VEX Robotics\VEXcode V5 Text\sdk/vexv5\libv5rt.a(v5_apijump.c.obj)
                0x03806840                vexDeviceGetByIndex
 .text.vexControllerGet
                0x03806864       0x2c C:\Program Files (x86)\VEX Robotics\VEXcode V5 Text\sdk/vexv5\libv5rt.a(v5_apijump.c.obj)
                0x03806864                vexControllerGet
 .text.vexControllerTextSet
                0x03806890       0x74 C:\Program Files (x86)\VEX Robotics\VEXcode V5 Text\sdk/vexv5\libv5rt.a(v5_apijump.c.obj)
                0x03806890                vexControllerTextSet
 .text.vexDeviceAdiPortConfigSet
                0x03806904       0x34 C:\Program Files (x86)\VEX Robotics\VEXcode V5 Text\sdk/vexv5\libv5rt.a(v5_apijump.c.obj)
                0x03806904                vexDeviceAdiPortConfigSet
 .text.vexDeviceAdiPortConfigGet
                0x03806938       0x2c C:\Program Files (x86)\VEX Robotics\VEXcode V5 Text\sdk/vexv5\libv5rt.a(v5_apijump.c.obj)
                0x03806938                vexDeviceAdiPortConfigGet
 .text.vexDeviceAdiValueSet
                0x03806964       0x34 C:\Program Files (x86)\VEX Robotics\VEXcode V5 Text\sdk/vexv5\libv5rt.a(v5_apijump.c.obj)
                0x03806964                vexDeviceAdiValueSet
 .text.vexDeviceAdiValueGet
                0x03806998       0x2c C:\Program Files (x86)\VEX Robotics\VEXcode V5 Text\sdk/vexv5\libv5rt.a(v5_apijump.c.obj)
                0x03806998                vexDeviceAdiValueGet
 .text.vexDeviceMotorVelocitySet
                0x038069c4       0x2c C:\Program Files (x86)\VEX Robotics\VEXcode V5 Text\sdk/vexv5\libv5rt.a(v5_apijump.c.obj)
                0x038069c4                vexDeviceMotorVelocitySet
 .text.vexDeviceMotorVoltageSet
                0x038069f0       0x2c C:\Program Files (x86)\VEX Robotics\VEXcode V5 Text\sdk/vexv5\libv5rt.a(v5_apijump.c.obj)
                0x038069f0                vexDeviceMotorVoltageSet
 .text.vexDeviceMotorActualVelocityGet
                0x03806a1c       0x24 C:\Program Files (x86)\VEX Robotics\VEXcode V5 Text\sdk/vexv5\libv5rt.a(v5_apijump.c.obj)
                0x03806a1c                vexDeviceMotorActualVelocityGet
 .text.vexDeviceMotorCurrentLimitSet
                0x03806a40       0x2c C:\Program Files (x86)\VEX Robotics\VEXcode V5 Text\sdk/vexv5\libv5rt.a(v5_apijump.c.obj)
                0x03806a40                vexDeviceMotorCurrentLimitSet
 .text.vexDeviceMotorZeroPositionFlagGet
                0x03806a6c       0x24 C:\Program Files (x86)\VEX Robotics\VEXcode V5 Text\sdk/vexv5\libv5rt.a(v5_apijump.c.obj)
                0x03806a6c                vexDeviceMotorZeroPositionFlagGet
 .text.vexDeviceMotorReverseFlagSet
                0x03806a90       0x2c C:\Program Files (x86)\VEX Robotics\VEXcode V5 Text\sdk/vexv5\libv5rt.a(v5_apijump.c.obj)
                0x03806a90                vexDeviceMotorReverseFlagSet
 .text.vexDeviceMotorEncoderUnitsSet
                0x03806abc       0x2c C:\Program Files (x86)\VEX Robotics\VEXcode V5 Text\sdk/vexv5\libv5rt.a(v5_apijump.c.obj)
                0x03806abc                vexDeviceMotorEncoderUnitsSet
 .text.vexDeviceMotorBrakeModeSet
                0x03806ae8       0x2c C:\Program Files (x86)\VEX Robotics\VEXcode V5 Text\sdk/vexv5\libv5rt.a(v5_apijump.c.obj)
                0x03806ae8                vexDeviceMotorBrakeModeSet
 .text.vexDeviceMotorPositionSet
                0x03806b14       0x34 C:\Program Files (x86)\VEX Robotics\VEXcode V5 Text\sdk/vexv5\libv5rt.a(v5_apijump.c.obj)
                0x03806b14                vexDeviceMotorPositionSet
 .text.vexDeviceMotorPositionGet
                0x03806b48       0x24 C:\Program Files (x86)\VEX Robotics\VEXcode V5 Text\sdk/vexv5\libv5rt.a(v5_apijump.c.obj)
                0x03806b48                vexDeviceMotorPositionGet
 .text.vexDeviceMotorAbsoluteTargetSet
                0x03806b6c       0x3c C:\Program Files (x86)\VEX Robotics\VEXcode V5 Text\sdk/vexv5\libv5rt.a(v5_apijump.c.obj)
                0x03806b6c                vexDeviceMotorAbsoluteTargetSet
 .text.vexDeviceMotorGearingSet
                0x03806ba8       0x2c C:\Program Files (x86)\VEX Robotics\VEXcode V5 Text\sdk/vexv5\libv5rt.a(v5_apijump.c.obj)
                0x03806ba8                vexDeviceMotorGearingSet
 .text.vexDeviceMotorGearingGet
                0x03806bd4       0x24 C:\Program Files (x86)\VEX Robotics\VEXcode V5 Text\sdk/vexv5\libv5rt.a(v5_apijump.c.obj)
                0x03806bd4                vexDeviceMotorGearingGet
 .text.vexDisplayForegroundColor
                0x03806bf8       0x24 C:\Program Files (x86)\VEX Robotics\VEXcode V5 Text\sdk/vexv5\libv5rt.a(v5_apijump.c.obj)
                0x03806bf8                vexDisplayForegroundColor
 .text.vexDisplayBackgroundColor
                0x03806c1c       0x24 C:\Program Files (x86)\VEX Robotics\VEXcode V5 Text\sdk/vexv5\libv5rt.a(v5_apijump.c.obj)
                0x03806c1c                vexDisplayBackgroundColor
 .text.vexDisplayBackgroundColorGet
                0x03806c40       0x1c C:\Program Files (x86)\VEX Robotics\VEXcode V5 Text\sdk/vexv5\libv5rt.a(v5_apijump.c.obj)
                0x03806c40                vexDisplayBackgroundColorGet
 .text.vexDisplayPixelSet
                0x03806c5c       0x38 C:\Program Files (x86)\VEX Robotics\VEXcode V5 Text\sdk/vexv5\libv5rt.a(v5_apijump.c.obj)
                0x03806c5c                vexDisplayPixelSet
 .text.vexDisplayLineDraw
                0x03806c94       0x4c C:\Program Files (x86)\VEX Robotics\VEXcode V5 Text\sdk/vexv5\libv5rt.a(v5_apijump.c.obj)
                0x03806c94                vexDisplayLineDraw
 .text.vexDisplayRectDraw
                0x03806ce0       0x4c C:\Program Files (x86)\VEX Robotics\VEXcode V5 Text\sdk/vexv5\libv5rt.a(v5_apijump.c.obj)
                0x03806ce0                vexDisplayRectDraw
 .text.vexDisplayRectClear
                0x03806d2c       0x4c C:\Program Files (x86)\VEX Robotics\VEXcode V5 Text\sdk/vexv5\libv5rt.a(v5_apijump.c.obj)
                0x03806d2c                vexDisplayRectClear
 .text.vexDisplayCircleDraw
                0x03806d78       0x40 C:\Program Files (x86)\VEX Robotics\VEXcode V5 Text\sdk/vexv5\libv5rt.a(v5_apijump.c.obj)
                0x03806d78                vexDisplayCircleDraw
 .text.vexDisplayCircleClear
                0x03806db8       0x40 C:\Program Files (x86)\VEX Robotics\VEXcode V5 Text\sdk/vexv5\libv5rt.a(v5_apijump.c.obj)
                0x03806db8                vexDisplayCircleClear
 .text.vexDisplayPrintf
                0x03806df8       0x68 C:\Program Files (x86)\VEX Robotics\VEXcode V5 Text\sdk/vexv5\libv5rt.a(v5_apijump.c.obj)
                0x03806df8                vexDisplayPrintf
 .text.vexDisplayTextReference
                0x03806e60       0x24 C:\Program Files (x86)\VEX Robotics\VEXcode V5 Text\sdk/vexv5\libv5rt.a(v5_apijump.c.obj)
                0x03806e60                vexDisplayTextReference
 .text.vexDisplayTextSize
                0x03806e84       0x2c C:\Program Files (x86)\VEX Robotics\VEXcode V5 Text\sdk/vexv5\libv5rt.a(v5_apijump.c.obj)
                0x03806e84                vexDisplayTextSize
 .text.vexDisplayFontNamedSet
                0x03806eb0       0x24 C:\Program Files (x86)\VEX Robotics\VEXcode V5 Text\sdk/vexv5\libv5rt.a(v5_apijump.c.obj)
                0x03806eb0                vexDisplayFontNamedSet
 .text.vexDisplayPenSizeGet
                0x03806ed4       0x1c C:\Program Files (x86)\VEX Robotics\VEXcode V5 Text\sdk/vexv5\libv5rt.a(v5_apijump.c.obj)
                0x03806ed4                vexDisplayPenSizeGet
 .text.vexSystemStdlibImpureDataAddr
                0x03806ef0       0x28 C:\Program Files (x86)\VEX Robotics\VEXcode V5 Text\sdk/vexv5\libv5rt.a(v5_apijump.c.obj)
                0x03806ef0                vexSystemStdlibImpureDataAddr
 .text.vexSystemStdlibImpureDataSize
                0x03806f18       0x28 C:\Program Files (x86)\VEX Robotics\VEXcode V5 Text\sdk/vexv5\libv5rt.a(v5_apijump.c.obj)
                0x03806f18                vexSystemStdlibImpureDataSize
 .text.vexSystemSaveUserData
                0x03806f40       0x3c C:\Program Files (x86)\VEX Robotics\VEXcode V5 Text\sdk/vexv5\libv5rt.a(v5_apijump.c.obj)
                0x03806f40                vexSystemSaveUserData
 .text.vexDisplayThemeIdGet
                0x03806f7c       0x38 C:\Program Files (x86)\VEX Robotics\VEXcode V5 Text\sdk/vexv5\libv5rt.a(v5_apijump.c.obj)
                0x03806f7c                vexDisplayThemeIdGet
 .text.vexDeviceEventMaskSet
                0x03806fb4       0x48 C:\Program Files (x86)\VEX Robotics\VEXcode V5 Text\sdk/vexv5\libv5rt.a(v5_apijump.c.obj)
                0x03806fb4                vexDeviceEventMaskSet
 .text.vexDeviceEventMaskGet
                0x03806ffc       0x3c C:\Program Files (x86)\VEX Robotics\VEXcode V5 Text\sdk/vexv5\libv5rt.a(v5_apijump.c.obj)
                0x03806ffc                vexDeviceEventMaskGet
 .text.vexSystemVersion
                0x03807038       0x10 C:\Program Files (x86)\VEX Robotics\VEXcode V5 Text\sdk/vexv5\libv5rt.a(v5_apiversions.c.obj)
                0x03807038                vexSystemVersion
 .text.vexStdlibVersion
                0x03807048       0x10 C:\Program Files (x86)\VEX Robotics\VEXcode V5 Text\sdk/vexv5\libv5rt.a(v5_apiversions.c.obj)
                0x03807048                vexStdlibVersion
 .text._ZN3vex5motor9installedEv
                0x03807058       0x18 C:\Program Files (x86)\VEX Robotics\VEXcode V5 Text\sdk/vexv5\libv5rt.a(vex_motor.cpp.obj)
                0x03807058                vex::motor::installed()
 .text._ZN3vex5motorD2Ev
                0x03807070       0x20 C:\Program Files (x86)\VEX Robotics\VEXcode V5 Text\sdk/vexv5\libv5rt.a(vex_motor.cpp.obj)
                0x03807070                vex::motor::~motor()
                0x03807070                vex::motor::~motor()
 .text._ZN3vex5motor15defaultStoppingENS_9brakeTypeE
                0x03807090       0x30 C:\Program Files (x86)\VEX Robotics\VEXcode V5 Text\sdk/vexv5\libv5rt.a(vex_motor.cpp.obj)
                0x03807090                vex::motor::defaultStopping(vex::brakeType)
 .text._ZN3vex5motor8setBrakeENS_9brakeTypeE
                0x038070c0        0x4 C:\Program Files (x86)\VEX Robotics\VEXcode V5 Text\sdk/vexv5\libv5rt.a(vex_motor.cpp.obj)
                0x038070c0                vex::motor::setBrake(vex::brakeType)
 .text._ZN3vex5motorC2El
                0x038070c4       0x78 C:\Program Files (x86)\VEX Robotics\VEXcode V5 Text\sdk/vexv5\libv5rt.a(vex_motor.cpp.obj)
                0x038070c4                vex::motor::motor(long)
                0x038070c4                vex::motor::motor(long)
 .text._ZN3vex5motorC2ElNS_11gearSettingEb
                0x0380713c       0x34 C:\Program Files (x86)\VEX Robotics\VEXcode V5 Text\sdk/vexv5\libv5rt.a(vex_motor.cpp.obj)
                0x0380713c                vex::motor::motor(long, vex::gearSetting, bool)
                0x0380713c                vex::motor::motor(long, vex::gearSetting, bool)
 .text._ZN3vex5motor4spinENS_13directionTypeEdNS_12voltageUnitsE
                0x03807170       0x50 C:\Program Files (x86)\VEX Robotics\VEXcode V5 Text\sdk/vexv5\libv5rt.a(vex_motor.cpp.obj)
                0x03807170                vex::motor::spin(vex::directionType, double, vex::voltageUnits)
 .text._ZN3vex5motor4stopENS_9brakeTypeE
                0x038071c0       0x30 C:\Program Files (x86)\VEX Robotics\VEXcode V5 Text\sdk/vexv5\libv5rt.a(vex_motor.cpp.obj)
                0x038071c0                vex::motor::stop(vex::brakeType)
 .text._ZN3vex5motor4stopEv
                0x038071f0        0x8 C:\Program Files (x86)\VEX Robotics\VEXcode V5 Text\sdk/vexv5\libv5rt.a(vex_motor.cpp.obj)
                0x038071f0                vex::motor::stop()
 .text._ZN3vex5motor12setMaxTorqueEdNS_11torqueUnitsE
                0x038071f8       0xc0 C:\Program Files (x86)\VEX Robotics\VEXcode V5 Text\sdk/vexv5\libv5rt.a(vex_motor.cpp.obj)
                0x038071f8                vex::motor::setMaxTorque(double, vex::torqueUnits)
 .text._ZN3vex5motor16velocityToScaledEdNS_13velocityUnitsE
                0x038072b8       0x5c C:\Program Files (x86)\VEX Robotics\VEXcode V5 Text\sdk/vexv5\libv5rt.a(vex_motor.cpp.obj)
                0x038072b8                vex::motor::velocityToScaled(double, vex::velocityUnits)
 .text._ZN3vex5motor8velocityENS_13velocityUnitsE
                0x03807314       0x30 C:\Program Files (x86)\VEX Robotics\VEXcode V5 Text\sdk/vexv5\libv5rt.a(vex_motor.cpp.obj)
                0x03807314                vex::motor::velocity(vex::velocityUnits)
 .text._ZN3vex5motor5valueEv
                0x03807344       0x1c C:\Program Files (x86)\VEX Robotics\VEXcode V5 Text\sdk/vexv5\libv5rt.a(vex_motor.cpp.obj)
                0x03807344                vex::motor::value()
 .text._ZN3vex5motor16scaledToVelocityEdNS_13velocityUnitsE
                0x03807360       0xa4 C:\Program Files (x86)\VEX Robotics\VEXcode V5 Text\sdk/vexv5\libv5rt.a(vex_motor.cpp.obj)
                0x03807360                vex::motor::scaledToVelocity(double, vex::velocityUnits)
 .text._ZN3vex5motor4spinENS_13directionTypeEdNS_13velocityUnitsE
                0x03807404       0x5c C:\Program Files (x86)\VEX Robotics\VEXcode V5 Text\sdk/vexv5\libv5rt.a(vex_motor.cpp.obj)
                0x03807404                vex::motor::spin(vex::directionType, double, vex::velocityUnits)
 .text._ZN3vex5motor11setVelocityEdNS_13velocityUnitsE
                0x03807460       0x54 C:\Program Files (x86)\VEX Robotics\VEXcode V5 Text\sdk/vexv5\libv5rt.a(vex_motor.cpp.obj)
                0x03807460                vex::motor::setVelocity(double, vex::velocityUnits)
 .text._ZN3vex5motor16setRotationUnitsENS_13rotationUnitsE
                0x038074b4       0x1c C:\Program Files (x86)\VEX Robotics\VEXcode V5 Text\sdk/vexv5\libv5rt.a(vex_motor.cpp.obj)
                0x038074b4                vex::motor::setRotationUnits(vex::rotationUnits)
 .text._ZN3vex5motor11setRotationEdNS_13rotationUnitsE
                0x038074d0       0x44 C:\Program Files (x86)\VEX Robotics\VEXcode V5 Text\sdk/vexv5\libv5rt.a(vex_motor.cpp.obj)
                0x038074d0                vex::motor::setRotation(double, vex::rotationUnits)
 .text._ZN3vex5motor13resetRotationEv
                0x03807514       0x20 C:\Program Files (x86)\VEX Robotics\VEXcode V5 Text\sdk/vexv5\libv5rt.a(vex_motor.cpp.obj)
                0x03807514                vex::motor::resetRotation()
 .text._ZN3vex5motor8rotateToEdNS_13rotationUnitsEdNS_13velocityUnitsEb
                0x03807534       0xc4 C:\Program Files (x86)\VEX Robotics\VEXcode V5 Text\sdk/vexv5\libv5rt.a(vex_motor.cpp.obj)
                0x03807534                vex::motor::rotateTo(double, vex::rotationUnits, double, vex::velocityUnits, bool)
 .text._ZN3vex5motor13startRotateToEdNS_13rotationUnitsEdNS_13velocityUnitsE
                0x038075f8       0x34 C:\Program Files (x86)\VEX Robotics\VEXcode V5 Text\sdk/vexv5\libv5rt.a(vex_motor.cpp.obj)
                0x038075f8                vex::motor::startRotateTo(double, vex::rotationUnits, double, vex::velocityUnits)
 .text._ZN3vex5motor13startRotateToEdNS_13rotationUnitsE
                0x0380762c       0x2c C:\Program Files (x86)\VEX Robotics\VEXcode V5 Text\sdk/vexv5\libv5rt.a(vex_motor.cpp.obj)
                0x0380762c                vex::motor::startRotateTo(double, vex::rotationUnits)
 .text._ZN3vex5motor8rotationENS_13rotationUnitsE
                0x03807658       0x44 C:\Program Files (x86)\VEX Robotics\VEXcode V5 Text\sdk/vexv5\libv5rt.a(vex_motor.cpp.obj)
                0x03807658                vex::motor::rotation(vex::rotationUnits)
 .text._ZN3vex10controllerD2Ev
                0x0380769c        0x4 C:\Program Files (x86)\VEX Robotics\VEXcode V5 Text\sdk/vexv5\libv5rt.a(vex_controller.cpp.obj)
                0x0380769c                vex::controller::~controller()
                0x0380769c                vex::controller::~controller()
 .text._ZN3vex10controller5valueE19_V5_ControllerIndex
                0x038076a0        0x8 C:\Program Files (x86)\VEX Robotics\VEXcode V5 Text\sdk/vexv5\libv5rt.a(vex_controller.cpp.obj)
                0x038076a0                vex::controller::value(_V5_ControllerIndex)
 .text._ZN3vex10controller6rumbleEPKc
                0x038076a8       0x4c C:\Program Files (x86)\VEX Robotics\VEXcode V5 Text\sdk/vexv5\libv5rt.a(vex_controller.cpp.obj)
                0x038076a8                vex::controller::rumble(char const*)
 .text._ZN3vex10controller6button8pressingEv
                0x038076f4       0xc8 C:\Program Files (x86)\VEX Robotics\VEXcode V5 Text\sdk/vexv5\libv5rt.a(vex_controller.cpp.obj)
                0x038076f4                vex::controller::button::pressing()
 .text._ZN3vex10controller6button21_buttonToPressedEventEv
                0x038077bc       0x20 C:\Program Files (x86)\VEX Robotics\VEXcode V5 Text\sdk/vexv5\libv5rt.a(vex_controller.cpp.obj)
                0x038077bc                vex::controller::button::_buttonToPressedEvent()
 .text._ZN3vex10controller6button22_buttonToReleasedEventEv
                0x038077dc       0x20 C:\Program Files (x86)\VEX Robotics\VEXcode V5 Text\sdk/vexv5\libv5rt.a(vex_controller.cpp.obj)
                0x038077dc                vex::controller::button::_buttonToReleasedEvent()
 .text._ZN3vex10controller6buttonC2ENS0_11tButtonTypeEPS0_
                0x038077fc       0x48 C:\Program Files (x86)\VEX Robotics\VEXcode V5 Text\sdk/vexv5\libv5rt.a(vex_controller.cpp.obj)
                0x038077fc                vex::controller::button::button(vex::controller::tButtonType, vex::controller*)
                0x038077fc                vex::controller::button::button(vex::controller::tButtonType, vex::controller*)
 .text._ZN3vex10controller4axis5valueEv
                0x03807844       0x58 C:\Program Files (x86)\VEX Robotics\VEXcode V5 Text\sdk/vexv5\libv5rt.a(vex_controller.cpp.obj)
                0x03807844                vex::controller::axis::value()
 .text._ZN3vex10controller4axis23_joystickToChangedEventEv
                0x0380789c       0x20 C:\Program Files (x86)\VEX Robotics\VEXcode V5 Text\sdk/vexv5\libv5rt.a(vex_controller.cpp.obj)
                0x0380789c                vex::controller::axis::_joystickToChangedEvent()
 .text._ZN3vex10controller4axisC2ENS0_9tAxisTypeEPS0_
                0x038078bc       0x2c C:\Program Files (x86)\VEX Robotics\VEXcode V5 Text\sdk/vexv5\libv5rt.a(vex_controller.cpp.obj)
                0x038078bc                vex::controller::axis::axis(vex::controller::tAxisType, vex::controller*)
                0x038078bc                vex::controller::axis::axis(vex::controller::tAxisType, vex::controller*)
 .text._ZN3vex10controllerC2Ev
                0x038078e8      0x204 C:\Program Files (x86)\VEX Robotics\VEXcode V5 Text\sdk/vexv5\libv5rt.a(vex_controller.cpp.obj)
                0x038078e8                vex::controller::controller()
                0x038078e8                vex::controller::controller()
 .text._ZN3vex4taskC2EPFivE
                0x03807aec       0x54 C:\Program Files (x86)\VEX Robotics\VEXcode V5 Text\sdk/vexv5\libv5rt.a(vex_task.cpp.obj)
                0x03807aec                vex::task::task(int (*)())
                0x03807aec                vex::task::task(int (*)())
 .text._ZN3vex4taskD2Ev
                0x03807b40        0x4 C:\Program Files (x86)\VEX Robotics\VEXcode V5 Text\sdk/vexv5\libv5rt.a(vex_task.cpp.obj)
                0x03807b40                vex::task::~task()
                0x03807b40                vex::task::~task()
 .text._ZN3vex4task4stopEPFivE
                0x03807b44        0xc C:\Program Files (x86)\VEX Robotics\VEXcode V5 Text\sdk/vexv5\libv5rt.a(vex_task.cpp.obj)
                0x03807b44                vex::task::stop(int (*)())
 .text._ZN3vex4task4stopEv
                0x03807b50       0x10 C:\Program Files (x86)\VEX Robotics\VEXcode V5 Text\sdk/vexv5\libv5rt.a(vex_task.cpp.obj)
                0x03807b50                vex::task::stop()
 .text._ZN3vex4task7suspendEv
                0x03807b60       0x10 C:\Program Files (x86)\VEX Robotics\VEXcode V5 Text\sdk/vexv5\libv5rt.a(vex_task.cpp.obj)
                0x03807b60                vex::task::suspend()
 .text._ZN3vex4task6resumeEv
                0x03807b70       0x10 C:\Program Files (x86)\VEX Robotics\VEXcode V5 Text\sdk/vexv5\libv5rt.a(vex_task.cpp.obj)
                0x03807b70                vex::task::resume()
 .text._ZN3vex4task5sleepEm
                0x03807b80        0x4 C:\Program Files (x86)\VEX Robotics\VEXcode V5 Text\sdk/vexv5\libv5rt.a(vex_task.cpp.obj)
                0x03807b80                vex::task::sleep(unsigned long)
 .text._ZN3vex4task6_indexEPFivE
                0x03807b84       0x14 C:\Program Files (x86)\VEX Robotics\VEXcode V5 Text\sdk/vexv5\libv5rt.a(vex_task.cpp.obj)
                0x03807b84                vex::task::_index(int (*)())
 .text._ZN3vex4task8_stopAllEv
                0x03807b98       0x3c C:\Program Files (x86)\VEX Robotics\VEXcode V5 Text\sdk/vexv5\libv5rt.a(vex_task.cpp.obj)
                0x03807b98                vex::task::_stopAll()
 .text._ZN3vex5event4initEmmPFvvE
                0x03807bd4        0x4 C:\Program Files (x86)\VEX Robotics\VEXcode V5 Text\sdk/vexv5\libv5rt.a(vex_event.cpp.obj)
                0x03807bd4                vex::event::init(unsigned long, unsigned long, void (*)())
 .text._ZN3vex5event4initEmmPFvPvES1_
                0x03807bd8        0x4 C:\Program Files (x86)\VEX Robotics\VEXcode V5 Text\sdk/vexv5\libv5rt.a(vex_event.cpp.obj)
                0x03807bd8                vex::event::init(unsigned long, unsigned long, void (*)(void*), void*)
 .text._ZN3vex5event9userindexEv
                0x03807bdc        0x4 C:\Program Files (x86)\VEX Robotics\VEXcode V5 Text\sdk/vexv5\libv5rt.a(vex_event.cpp.obj)
                0x03807bdc                vex::event::userindex()
 .text._ZZN3vex6meventC4EmmENUlvE_4_FUNEv
                0x03807be0        0x4 C:\Program Files (x86)\VEX Robotics\VEXcode V5 Text\sdk/vexv5\libv5rt.a(vex_mevent.cpp.obj)
 .text._ZN3vex6meventC2Emm
                0x03807be4       0x70 C:\Program Files (x86)\VEX Robotics\VEXcode V5 Text\sdk/vexv5\libv5rt.a(vex_mevent.cpp.obj)
                0x03807be4                vex::mevent::mevent(unsigned long, unsigned long)
                0x03807be4                vex::mevent::mevent(unsigned long, unsigned long)
 .text._ZN3vex5brainD2Ev
                0x03807c54       0x20 C:\Program Files (x86)\VEX Robotics\VEXcode V5 Text\sdk/vexv5\libv5rt.a(vex_brain.cpp.obj)
                0x03807c54                vex::brain::~brain()
                0x03807c54                vex::brain::~brain()
 .text._ZN3vex5brain9_getIndexEv
                0x03807c74       0x10 C:\Program Files (x86)\VEX Robotics\VEXcode V5 Text\sdk/vexv5\libv5rt.a(vex_brain.cpp.obj)
                0x03807c74                vex::brain::_getIndex()
 .text._ZN3vex5brain5timerENS_9timeUnitsE
                0x03807c84        0x4 C:\Program Files (x86)\VEX Robotics\VEXcode V5 Text\sdk/vexv5\libv5rt.a(vex_brain.cpp.obj)
                0x03807c84                vex::brain::timer(vex::timeUnits)
 .text._ZN3vex5brain10resetTimerEv
                0x03807c88        0x4 C:\Program Files (x86)\VEX Robotics\VEXcode V5 Text\sdk/vexv5\libv5rt.a(vex_brain.cpp.obj)
                0x03807c88                vex::brain::resetTimer()
 .text._ZN3vex5brain3lcd9setCursorEll
                0x03807c8c       0x44 C:\Program Files (x86)\VEX Robotics\VEXcode V5 Text\sdk/vexv5\libv5rt.a(vex_brain.cpp.obj)
                0x03807c8c                vex::brain::lcd::setCursor(long, long)
 .text._ZN3vex5brain3lcd7setFontENS_8fontTypeE
                0x03807cd0      0x23c C:\Program Files (x86)\VEX Robotics\VEXcode V5 Text\sdk/vexv5\libv5rt.a(vex_brain.cpp.obj)
                0x03807cd0                vex::brain::lcd::setFont(vex::fontType)
 .text._ZN3vex5brain3lcdC2Ev
                0x03807f0c       0x94 C:\Program Files (x86)\VEX Robotics\VEXcode V5 Text\sdk/vexv5\libv5rt.a(vex_brain.cpp.obj)
                0x03807f0c                vex::brain::lcd::lcd()
                0x03807f0c                vex::brain::lcd::lcd()
 .text._ZN3vex5brainC2Ev
                0x03807fa0       0x38 C:\Program Files (x86)\VEX Robotics\VEXcode V5 Text\sdk/vexv5\libv5rt.a(vex_brain.cpp.obj)
                0x03807fa0                vex::brain::brain()
                0x03807fa0                vex::brain::brain()
 .text._ZN3vex5brain3lcd11setPenColorERKNS_5colorE
                0x03807fd8       0x14 C:\Program Files (x86)\VEX Robotics\VEXcode V5 Text\sdk/vexv5\libv5rt.a(vex_brain.cpp.obj)
                0x03807fd8                vex::brain::lcd::setPenColor(vex::color const&)
 .text._ZN3vex5brain3lcd7printAtEllPKcz
                0x03807fec       0x6c C:\Program Files (x86)\VEX Robotics\VEXcode V5 Text\sdk/vexv5\libv5rt.a(vex_brain.cpp.obj)
                0x03807fec                vex::brain::lcd::printAt(long, long, char const*, ...)
 .text._ZN3vex5brain3lcd12_clearScreenEm
                0x03808058       0x38 C:\Program Files (x86)\VEX Robotics\VEXcode V5 Text\sdk/vexv5\libv5rt.a(vex_brain.cpp.obj)
                0x03808058                vex::brain::lcd::_clearScreen(unsigned long)
 .text._ZN3vex5brain3lcd11clearScreenERKNS_5colorE
                0x03808090       0x20 C:\Program Files (x86)\VEX Robotics\VEXcode V5 Text\sdk/vexv5\libv5rt.a(vex_brain.cpp.obj)
                0x03808090                vex::brain::lcd::clearScreen(vex::color const&)
 .text._ZN3vex5brain3lcd11clearScreenEv
                0x038080b0       0x2c C:\Program Files (x86)\VEX Robotics\VEXcode V5 Text\sdk/vexv5\libv5rt.a(vex_brain.cpp.obj)
                0x038080b0                vex::brain::lcd::clearScreen()
 .text._ZN3vex5brain3lcd9drawPixelEii
                0x038080dc       0x14 C:\Program Files (x86)\VEX Robotics\VEXcode V5 Text\sdk/vexv5\libv5rt.a(vex_brain.cpp.obj)
                0x038080dc                vex::brain::lcd::drawPixel(int, int)
 .text._ZN3vex5brain3lcd8drawLineEiiii
                0x038080f0      0x2c4 C:\Program Files (x86)\VEX Robotics\VEXcode V5 Text\sdk/vexv5\libv5rt.a(vex_brain.cpp.obj)
                0x038080f0                vex::brain::lcd::drawLine(int, int, int, int)
 .text._ZN3vex5brain3lcd13drawRectangleEiiii
                0x038083b4       0xdc C:\Program Files (x86)\VEX Robotics\VEXcode V5 Text\sdk/vexv5\libv5rt.a(vex_brain.cpp.obj)
                0x038083b4                vex::brain::lcd::drawRectangle(int, int, int, int)
 .text._ZN3vex5brain3lcd14_drawRectangleEiiiim
                0x03808490       0x74 C:\Program Files (x86)\VEX Robotics\VEXcode V5 Text\sdk/vexv5\libv5rt.a(vex_brain.cpp.obj)
                0x03808490                vex::brain::lcd::_drawRectangle(int, int, int, int, unsigned long)
 .text._ZN3vex5brain3lcd13drawRectangleEiiiiRKNS_5colorE
                0x03808504       0x68 C:\Program Files (x86)\VEX Robotics\VEXcode V5 Text\sdk/vexv5\libv5rt.a(vex_brain.cpp.obj)
                0x03808504                vex::brain::lcd::drawRectangle(int, int, int, int, vex::color const&)
 .text._ZN3vex5brain3lcd10drawCircleEiii
                0x0380856c       0xa4 C:\Program Files (x86)\VEX Robotics\VEXcode V5 Text\sdk/vexv5\libv5rt.a(vex_brain.cpp.obj)
                0x0380856c                vex::brain::lcd::drawCircle(int, int, int)
 .text._ZN3vex5brain3lcd11_drawCircleEiiim
                0x03808610       0x60 C:\Program Files (x86)\VEX Robotics\VEXcode V5 Text\sdk/vexv5\libv5rt.a(vex_brain.cpp.obj)
                0x03808610                vex::brain::lcd::_drawCircle(int, int, int, unsigned long)
 .text._ZN3vex5brain3lcd10drawCircleEiiiRKNS_5colorE
                0x03808670       0x60 C:\Program Files (x86)\VEX Robotics\VEXcode V5 Text\sdk/vexv5\libv5rt.a(vex_brain.cpp.obj)
                0x03808670                vex::brain::lcd::drawCircle(int, int, int, vex::color const&)
 .text._ZN3vex11competition8_disableEPv
                0x038086d0       0x9c C:\Program Files (x86)\VEX Robotics\VEXcode V5 Text\sdk/vexv5\libv5rt.a(vex_competition.cpp.obj)
                0x038086d0                vex::competition::_disable(void*)
 .text._ZN3vex11competition11_autonomousEv
                0x0380876c       0x7c C:\Program Files (x86)\VEX Robotics\VEXcode V5 Text\sdk/vexv5\libv5rt.a(vex_competition.cpp.obj)
                0x0380876c                vex::competition::_autonomous()
 .text._ZN3vex11competition14_drivercontrolEv
                0x038087e8       0x7c C:\Program Files (x86)\VEX Robotics\VEXcode V5 Text\sdk/vexv5\libv5rt.a(vex_competition.cpp.obj)
                0x038087e8                vex::competition::_drivercontrol()
 .text._ZN3vex11competitionC2Ev
                0x03808864      0x13c C:\Program Files (x86)\VEX Robotics\VEXcode V5 Text\sdk/vexv5\libv5rt.a(vex_competition.cpp.obj)
                0x03808864                vex::competition::competition()
                0x03808864                vex::competition::competition()
 .text._ZN3vex11competitionD2Ev
                0x038089a0        0x4 C:\Program Files (x86)\VEX Robotics\VEXcode V5 Text\sdk/vexv5\libv5rt.a(vex_competition.cpp.obj)
                0x038089a0                vex::competition::~competition()
                0x038089a0                vex::competition::~competition()
 .text._ZN3vex11competition10autonomousEPFvvE
                0x038089a4       0x44 C:\Program Files (x86)\VEX Robotics\VEXcode V5 Text\sdk/vexv5\libv5rt.a(vex_competition.cpp.obj)
                0x038089a4                vex::competition::autonomous(void (*)())
 .text._ZN3vex11competition13drivercontrolEPFvvE
                0x038089e8       0x44 C:\Program Files (x86)\VEX Robotics\VEXcode V5 Text\sdk/vexv5\libv5rt.a(vex_competition.cpp.obj)
                0x038089e8                vex::competition::drivercontrol(void (*)())
 .text._ZN3vex7triport9installedEv
                0x03808a2c       0x18 C:\Program Files (x86)\VEX Robotics\VEXcode V5 Text\sdk/vexv5\libv5rt.a(vex_triport.cpp.obj)
                0x03808a2c                vex::triport::installed()
 .text._ZN3vex7triportD2Ev
                0x03808a44       0x38 C:\Program Files (x86)\VEX Robotics\VEXcode V5 Text\sdk/vexv5\libv5rt.a(vex_triport.cpp.obj)
                0x03808a44                vex::triport::~triport()
                0x03808a44                vex::triport::~triport()
 .text._ZN3vex7triport4portC2ElPS0_
                0x03808a7c       0x90 C:\Program Files (x86)\VEX Robotics\VEXcode V5 Text\sdk/vexv5\libv5rt.a(vex_triport.cpp.obj)
                0x03808a7c                vex::triport::port::port(long, vex::triport*)
                0x03808a7c                vex::triport::port::port(long, vex::triport*)
 .text._ZN3vex7triportC2El
                0x03808b0c       0xf0 C:\Program Files (x86)\VEX Robotics\VEXcode V5 Text\sdk/vexv5\libv5rt.a(vex_triport.cpp.obj)
                0x03808b0c                vex::triport::triport(long)
                0x03808b0c                vex::triport::triport(long)
 .text._ZN3vex7triport4port4typeENS_11triportTypeE
                0x03808bfc       0x34 C:\Program Files (x86)\VEX Robotics\VEXcode V5 Text\sdk/vexv5\libv5rt.a(vex_triport.cpp.obj)
                0x03808bfc                vex::triport::port::type(vex::triportType)
 .text._ZN3vex7triport4port4typeEv
                0x03808c30       0x38 C:\Program Files (x86)\VEX Robotics\VEXcode V5 Text\sdk/vexv5\libv5rt.a(vex_triport.cpp.obj)
                0x03808c30                vex::triport::port::type()
 .text._ZN3vex7triport4port5valueEv
                0x03808c68       0x14 C:\Program Files (x86)\VEX Robotics\VEXcode V5 Text\sdk/vexv5\libv5rt.a(vex_triport.cpp.obj)
                0x03808c68                vex::triport::port::value()
 .text._ZN3vex7triport4port5valueEl
                0x03808c7c       0x18 C:\Program Files (x86)\VEX Robotics\VEXcode V5 Text\sdk/vexv5\libv5rt.a(vex_triport.cpp.obj)
                0x03808c7c                vex::triport::port::value(long)
 .text._ZN3vex7triport4port14_convertAnalogENS_11analogUnitsE
                0x03808c94       0x58 C:\Program Files (x86)\VEX Robotics\VEXcode V5 Text\sdk/vexv5\libv5rt.a(vex_triport.cpp.obj)
                0x03808c94                vex::triport::port::_convertAnalog(vex::analogUnits)
 .text._ZN3vex11__trideviceC2ERNS_7triport4portENS_11triportTypeE
                0x03808cec       0x5c C:\Program Files (x86)\VEX Robotics\VEXcode V5 Text\sdk/vexv5\libv5rt.a(vex_triport.cpp.obj)
                0x03808cec                vex::__tridevice::__tridevice(vex::triport::port&, vex::triportType)
                0x03808cec                vex::__tridevice::__tridevice(vex::triport::port&, vex::triportType)
 .text._ZN3vex11__tridevice14_convertAnalogENS_11analogUnitsE
                0x03808d48        0x8 C:\Program Files (x86)\VEX Robotics\VEXcode V5 Text\sdk/vexv5\libv5rt.a(vex_triport.cpp.obj)
                0x03808d48                vex::__tridevice::_convertAnalog(vex::analogUnits)
 .text._ZN3vex5limitC2ERNS_7triport4portE
                0x03808d50       0x28 C:\Program Files (x86)\VEX Robotics\VEXcode V5 Text\sdk/vexv5\libv5rt.a(vex_triport.cpp.obj)
                0x03808d50                vex::limit::limit(vex::triport::port&)
                0x03808d50                vex::limit::limit(vex::triport::port&)
 .text._ZN3vex5limitD2Ev
                0x03808d78        0x4 C:\Program Files (x86)\VEX Robotics\VEXcode V5 Text\sdk/vexv5\libv5rt.a(vex_triport.cpp.obj)
                0x03808d78                vex::limit::~limit()
                0x03808d78                vex::limit::~limit()
 .text._ZN3vex5limit5valueEv
                0x03808d7c        0x8 C:\Program Files (x86)\VEX Robotics\VEXcode V5 Text\sdk/vexv5\libv5rt.a(vex_triport.cpp.obj)
                0x03808d7c                vex::limit::value()
 .text._ZN3vex4lineC2ERNS_7triport4portE
                0x03808d84       0x20 C:\Program Files (x86)\VEX Robotics\VEXcode V5 Text\sdk/vexv5\libv5rt.a(vex_triport.cpp.obj)
                0x03808d84                vex::line::line(vex::triport::port&)
                0x03808d84                vex::line::line(vex::triport::port&)
 .text._ZN3vex4lineD2Ev
                0x03808da4        0x4 C:\Program Files (x86)\VEX Robotics\VEXcode V5 Text\sdk/vexv5\libv5rt.a(vex_triport.cpp.obj)
                0x03808da4                vex::line::~line()
                0x03808da4                vex::line::~line()
 .text._ZN3vex4line5valueENS_11analogUnitsE
                0x03808da8        0x4 C:\Program Files (x86)\VEX Robotics\VEXcode V5 Text\sdk/vexv5\libv5rt.a(vex_triport.cpp.obj)
                0x03808da8                vex::line::value(vex::analogUnits)
 .text._ZN3vex4gyroC2ERNS_7triport4portE
                0x03808dac       0x34 C:\Program Files (x86)\VEX Robotics\VEXcode V5 Text\sdk/vexv5\libv5rt.a(vex_triport.cpp.obj)
                0x03808dac                vex::gyro::gyro(vex::triport::port&)
                0x03808dac                vex::gyro::gyro(vex::triport::port&)
 .text._ZN3vex4gyroD2Ev
                0x03808de0        0x4 C:\Program Files (x86)\VEX Robotics\VEXcode V5 Text\sdk/vexv5\libv5rt.a(vex_triport.cpp.obj)
                0x03808de0                vex::gyro::~gyro()
                0x03808de0                vex::gyro::~gyro()
 .text._ZN3vex4gyro5valueENS_11analogUnitsE
                0x03808de4        0x4 C:\Program Files (x86)\VEX Robotics\VEXcode V5 Text\sdk/vexv5\libv5rt.a(vex_triport.cpp.obj)
                0x03808de4                vex::gyro::value(vex::analogUnits)
 .text._ZN3vex4gyro16startCalibrationEl
                0x03808de8       0x20 C:\Program Files (x86)\VEX Robotics\VEXcode V5 Text\sdk/vexv5\libv5rt.a(vex_triport.cpp.obj)
                0x03808de8                vex::gyro::startCalibration(long)
 .text._ZN3vex4gyro13isCalibratingEv
                0x03808e08       0x38 C:\Program Files (x86)\VEX Robotics\VEXcode V5 Text\sdk/vexv5\libv5rt.a(vex_triport.cpp.obj)
                0x03808e08                vex::gyro::isCalibrating()
 .text.startup._GLOBAL__sub_I__ZN3vex7triportC2El
                0x03808e40       0x30 C:\Program Files (x86)\VEX Robotics\VEXcode V5 Text\sdk/vexv5\libv5rt.a(vex_triport.cpp.obj)
 .text._ZN3vex5colorD2Ev
                0x03808e70        0x4 C:\Program Files (x86)\VEX Robotics\VEXcode V5 Text\sdk/vexv5\libv5rt.a(vex_color.cpp.obj)
                0x03808e70                vex::color::~color()
                0x03808e70                vex::color::~color()
 .text._ZN3vex5colorC2Ei
                0x03808e74       0x10 C:\Program Files (x86)\VEX Robotics\VEXcode V5 Text\sdk/vexv5\libv5rt.a(vex_color.cpp.obj)
                0x03808e74                vex::color::color(int)
                0x03808e74                vex::color::color(int)
 .text._ZNK3vex5colorcvmEv
                0x03808e84        0x8 C:\Program Files (x86)\VEX Robotics\VEXcode V5 Text\sdk/vexv5\libv5rt.a(vex_color.cpp.obj)
                0x03808e84                vex::color::operator unsigned long() const
 .text._ZNK3vex5color13isTransparentEv
                0x03808e8c        0x8 C:\Program Files (x86)\VEX Robotics\VEXcode V5 Text\sdk/vexv5\libv5rt.a(vex_color.cpp.obj)
                0x03808e8c                vex::color::isTransparent() const
 .text.startup._GLOBAL__sub_I__ZN3vex5color5blackE
                0x03808e94      0x164 C:\Program Files (x86)\VEX Robotics\VEXcode V5 Text\sdk/vexv5\libv5rt.a(vex_color.cpp.obj)
 .text._ZN3vex5timerD2Ev
                0x03808ff8        0x4 C:\Program Files (x86)\VEX Robotics\VEXcode V5 Text\sdk/vexv5\libv5rt.a(vex_timer.cpp.obj)
                0x03808ff8                vex::timer::~timer()
                0x03808ff8                vex::timer::~timer()
 .text._ZN3vex5timer5clearEv
                0x03808ffc       0x1c C:\Program Files (x86)\VEX Robotics\VEXcode V5 Text\sdk/vexv5\libv5rt.a(vex_timer.cpp.obj)
                0x03808ffc                vex::timer::clear()
 .text._ZN3vex5timerC2Ev
                0x03809018       0x14 C:\Program Files (x86)\VEX Robotics\VEXcode V5 Text\sdk/vexv5\libv5rt.a(vex_timer.cpp.obj)
                0x03809018                vex::timer::timer()
                0x03809018                vex::timer::timer()
 .text._ZNK3vex5timer4timeEv
                0x0380902c       0x1c C:\Program Files (x86)\VEX Robotics\VEXcode V5 Text\sdk/vexv5\libv5rt.a(vex_timer.cpp.obj)
                0x0380902c                vex::timer::time() const
 .text._ZNK3vex5timer4timeENS_9timeUnitsE
                0x03809048       0x40 C:\Program Files (x86)\VEX Robotics\VEXcode V5 Text\sdk/vexv5\libv5rt.a(vex_timer.cpp.obj)
                0x03809048                vex::timer::time(vex::timeUnits) const
 .text.vexAdiPortConfigSet
                0x03809088       0x28 C:\Program Files (x86)\VEX Robotics\VEXcode V5 Text\sdk/vexv5\libv5rt.a(v5_apiuser.c.obj)
                0x03809088                vexAdiPortConfigSet
 .text.vexAdiPortConfigGet
                0x038090b0       0x28 C:\Program Files (x86)\VEX Robotics\VEXcode V5 Text\sdk/vexv5\libv5rt.a(v5_apiuser.c.obj)
                0x038090b0                vexAdiPortConfigGet
 .text.vexAdiValueSet
                0x038090d8       0x28 C:\Program Files (x86)\VEX Robotics\VEXcode V5 Text\sdk/vexv5\libv5rt.a(v5_apiuser.c.obj)
                0x038090d8                vexAdiValueSet
 .text.vexAdiValueGet
                0x03809100       0x20 C:\Program Files (x86)\VEX Robotics\VEXcode V5 Text\sdk/vexv5\libv5rt.a(v5_apiuser.c.obj)
                0x03809100                vexAdiValueGet
 .text.vexMotorVelocitySet
                0x03809120       0x20 C:\Program Files (x86)\VEX Robotics\VEXcode V5 Text\sdk/vexv5\libv5rt.a(v5_apiuser.c.obj)
                0x03809120                vexMotorVelocitySet
 .text.vexMotorVoltageSet
                0x03809140       0x20 C:\Program Files (x86)\VEX Robotics\VEXcode V5 Text\sdk/vexv5\libv5rt.a(v5_apiuser.c.obj)
                0x03809140                vexMotorVoltageSet
 .text.vexMotorActualVelocityGet
                0x03809160       0x24 C:\Program Files (x86)\VEX Robotics\VEXcode V5 Text\sdk/vexv5\libv5rt.a(v5_apiuser.c.obj)
                0x03809160                vexMotorActualVelocityGet
 .text.vexMotorCurrentLimitSet
                0x03809184       0x20 C:\Program Files (x86)\VEX Robotics\VEXcode V5 Text\sdk/vexv5\libv5rt.a(v5_apiuser.c.obj)
                0x03809184                vexMotorCurrentLimitSet
 .text.vexMotorZeroPositionFlagGet
                0x038091a4       0x18 C:\Program Files (x86)\VEX Robotics\VEXcode V5 Text\sdk/vexv5\libv5rt.a(v5_apiuser.c.obj)
                0x038091a4                vexMotorZeroPositionFlagGet
 .text.vexMotorReverseFlagSet
                0x038091bc       0x20 C:\Program Files (x86)\VEX Robotics\VEXcode V5 Text\sdk/vexv5\libv5rt.a(v5_apiuser.c.obj)
                0x038091bc                vexMotorReverseFlagSet
 .text.vexMotorEncoderUnitsSet
                0x038091dc       0x20 C:\Program Files (x86)\VEX Robotics\VEXcode V5 Text\sdk/vexv5\libv5rt.a(v5_apiuser.c.obj)
                0x038091dc                vexMotorEncoderUnitsSet
 .text.vexMotorBrakeModeSet
                0x038091fc       0x20 C:\Program Files (x86)\VEX Robotics\VEXcode V5 Text\sdk/vexv5\libv5rt.a(v5_apiuser.c.obj)
                0x038091fc                vexMotorBrakeModeSet
 .text.vexMotorPositionSet
                0x0380921c       0x28 C:\Program Files (x86)\VEX Robotics\VEXcode V5 Text\sdk/vexv5\libv5rt.a(v5_apiuser.c.obj)
                0x0380921c                vexMotorPositionSet
 .text.vexMotorPositionGet
                0x03809244       0x24 C:\Program Files (x86)\VEX Robotics\VEXcode V5 Text\sdk/vexv5\libv5rt.a(v5_apiuser.c.obj)
                0x03809244                vexMotorPositionGet
 .text.vexMotorAbsoluteTargetSet
                0x03809268       0x30 C:\Program Files (x86)\VEX Robotics\VEXcode V5 Text\sdk/vexv5\libv5rt.a(v5_apiuser.c.obj)
                0x03809268                vexMotorAbsoluteTargetSet
 .text.vexMotorGearingSet
                0x03809298       0x20 C:\Program Files (x86)\VEX Robotics\VEXcode V5 Text\sdk/vexv5\libv5rt.a(v5_apiuser.c.obj)
                0x03809298                vexMotorGearingSet
 .text.vexMotorGearingGet
                0x038092b8       0x18 C:\Program Files (x86)\VEX Robotics\VEXcode V5 Text\sdk/vexv5\libv5rt.a(v5_apiuser.c.obj)
                0x038092b8                vexMotorGearingGet
 .text.vexEventMaskSet
                0x038092d0       0x28 C:\Program Files (x86)\VEX Robotics\VEXcode V5 Text\sdk/vexv5\libv5rt.a(v5_apiuser.c.obj)
                0x038092d0                vexEventMaskSet
 .text.vexEventMaskGet
                0x038092f8       0x18 C:\Program Files (x86)\VEX Robotics\VEXcode V5 Text\sdk/vexv5\libv5rt.a(v5_apiuser.c.obj)
                0x038092f8                vexEventMaskGet
 .text._ZN3vex6device5valueEv
                0x03809310        0x8 C:\Program Files (x86)\VEX Robotics\VEXcode V5 Text\sdk/vexv5\libv5rt.a(vex_device.cpp.obj)
                0x03809310                vex::device::value()
 .text._ZN3vex6deviceD2Ev
                0x03809318        0x4 C:\Program Files (x86)\VEX Robotics\VEXcode V5 Text\sdk/vexv5\libv5rt.a(vex_device.cpp.obj)
                0x03809318                vex::device::~device()
                0x03809318                vex::device::~device()
 .text._ZN3vex6device4initEl
                0x0380931c       0x30 C:\Program Files (x86)\VEX Robotics\VEXcode V5 Text\sdk/vexv5\libv5rt.a(vex_device.cpp.obj)
                0x0380931c                vex::device::init(long)
 .text._ZN3vex6deviceC2El
                0x0380934c       0x20 C:\Program Files (x86)\VEX Robotics\VEXcode V5 Text\sdk/vexv5\libv5rt.a(vex_device.cpp.obj)
                0x0380934c                vex::device::device(long)
                0x0380934c                vex::device::device(long)
 .text._ZN3vex6device4typeEv
                0x0380936c       0x10 C:\Program Files (x86)\VEX Robotics\VEXcode V5 Text\sdk/vexv5\libv5rt.a(vex_device.cpp.obj)
                0x0380936c                vex::device::type()
 .text._ZN3vex6device9installedEv
                0x0380937c       0x14 C:\Program Files (x86)\VEX Robotics\VEXcode V5 Text\sdk/vexv5\libv5rt.a(vex_device.cpp.obj)
                0x0380937c                vex::device::installed()
 .text.__libc_fini_array
                0x03809390       0x30 C:\Program Files (x86)\VEX Robotics\VEXcode V5 Text\sdk/vexv5/gcc/libs\libc.a(lib_a-fini.o)
                0x03809390                __libc_fini_array
 .text.__libc_init_array
                0x038093c0       0x58 C:\Program Files (x86)\VEX Robotics\VEXcode V5 Text\sdk/vexv5/gcc/libs\libc.a(lib_a-init.o)
                0x038093c0                __libc_init_array
 .text.rand     0x03809418       0x48 C:\Program Files (x86)\VEX Robotics\VEXcode V5 Text\sdk/vexv5/gcc/libs\libc.a(lib_a-rand.o)
                0x03809418                rand
 .text.rand.__stub
                0x03809460       0x18 linker stubs
 *(.gnu.linkonce.t.*)
 *(.plt)
 *(.gnu_warning)
 *(.gcc_except_table)
 *(.glue_7)
 .glue_7        0x00000000        0x0 linker stubs
 *(.glue_7t)
 .glue_7t       0x00000000        0x0 linker stubs
 *(.vfp11_veneer)
 .vfp11_veneer  0x00000000        0x0 linker stubs
 *(.ARM.extab)
 *(.gnu.linkonce.armextab.*)

.v4_bx          0x03809478        0x0
 .v4_bx         0x00000000        0x0 linker stubs

.iplt           0x03809478        0x0
 .iplt          0x00000000        0x0 build/src/auto1.o

.init
 *(.init)

.fini
 *(.fini)

.rodata         0x03809478      0x254
                0x03809478                __rodata_start = .
 *(.rodata)
 *(.rodata.*)
 .rodata.str1.1
                0x03809478        0x3 build/src/auto7.o
 .rodata.str1.1
                0x0380947b        0x6 build/src/main.o
                                  0x9 (size before relaxing)
 .rodata.str1.1
                0x03809481       0x53 build/src/activity_main.o
                                 0x61 (size before relaxing)
 .rodata.str1.1
                0x038094d4       0x1b build/src/activity_autoSelect.o
                                 0x52 (size before relaxing)
 *fill*         0x038094ef        0x1 
 .rodata._ZL13startPosition
                0x038094f0       0x40 build/src/activity_autoSelect.o
 .rodata.str1.1
                0x00000000        0x3 build/src/auto3.o
 .rodata.str1.1
                0x03809530       0x12 build/src/motorControl.o
                                 0x14 (size before relaxing)
 .rodata.str1.1
                0x03809542        0x3 build/src/activity_loading.o
                                  0x5 (size before relaxing)
 .rodata.str1.1
                0x03809545       0x46 build/src/activity_sensorValue.o
                                 0x56 (size before relaxing)
 .rodata.str1.1
                0x0380958b        0x9 build/src/activity_motorInfo.o
                                 0x17 (size before relaxing)
 .rodata.str1.1
                0x03809594       0x3e build/src/activity_robotTest.o
                                 0x47 (size before relaxing)
 .rodata.str1.1
                0x038095d2       0x2e C:\Program Files (x86)\VEX Robotics\VEXcode V5 Text\sdk/vexv5\libv5rt.a(v5_startup.c.obj)
 .rodata._ZN3vex5PORT3E
                0x03809600        0x4 C:\Program Files (x86)\VEX Robotics\VEXcode V5 Text\sdk/vexv5\libv5rt.a(vex_global.cpp.obj)
                0x03809600                vex::PORT3
 .rodata._ZN3vex6PORT10E
                0x03809604        0x4 C:\Program Files (x86)\VEX Robotics\VEXcode V5 Text\sdk/vexv5\libv5rt.a(vex_global.cpp.obj)
                0x03809604                vex::PORT10
 .rodata._ZN3vex5PORT5E
                0x03809608        0x4 C:\Program Files (x86)\VEX Robotics\VEXcode V5 Text\sdk/vexv5\libv5rt.a(vex_global.cpp.obj)
                0x03809608                vex::PORT5
 .rodata._ZN3vex5PORT7E
                0x0380960c        0x4 C:\Program Files (x86)\VEX Robotics\VEXcode V5 Text\sdk/vexv5\libv5rt.a(vex_global.cpp.obj)
                0x0380960c                vex::PORT7
 .rodata._ZN3vex6PORT15E
                0x03809610        0x4 C:\Program Files (x86)\VEX Robotics\VEXcode V5 Text\sdk/vexv5\libv5rt.a(vex_global.cpp.obj)
                0x03809610                vex::PORT15
 .rodata._ZN3vex5PORT2E
                0x03809614        0x4 C:\Program Files (x86)\VEX Robotics\VEXcode V5 Text\sdk/vexv5\libv5rt.a(vex_global.cpp.obj)
                0x03809614                vex::PORT2
 .rodata._ZN3vex6PORT22E
                0x03809618        0x4 C:\Program Files (x86)\VEX Robotics\VEXcode V5 Text\sdk/vexv5\libv5rt.a(vex_global.cpp.obj)
                0x03809618                vex::PORT22
 .rodata._ZN3vex6PORT20E
                0x0380961c        0x4 C:\Program Files (x86)\VEX Robotics\VEXcode V5 Text\sdk/vexv5\libv5rt.a(vex_global.cpp.obj)
                0x0380961c                vex::PORT20
 .rodata._ZN3vex6PORT17E
                0x03809620        0x4 C:\Program Files (x86)\VEX Robotics\VEXcode V5 Text\sdk/vexv5\libv5rt.a(vex_global.cpp.obj)
                0x03809620                vex::PORT17
 *fill*         0x03809624        0x4 
 .rodata._ZTVN3vex5motorE
                0x03809628       0x10 C:\Program Files (x86)\VEX Robotics\VEXcode V5 Text\sdk/vexv5\libv5rt.a(vex_motor.cpp.obj)
                0x03809628                vtable for vex::motor
 .rodata.CSWTCH.15
                0x03809638        0xb C:\Program Files (x86)\VEX Robotics\VEXcode V5 Text\sdk/vexv5\libv5rt.a(vex_controller.cpp.obj)
 .rodata.CSWTCH.17
                0x03809643        0xb C:\Program Files (x86)\VEX Robotics\VEXcode V5 Text\sdk/vexv5\libv5rt.a(vex_controller.cpp.obj)
 .rodata.CSWTCH.23
                0x0380964e        0x3 C:\Program Files (x86)\VEX Robotics\VEXcode V5 Text\sdk/vexv5\libv5rt.a(vex_controller.cpp.obj)
 .rodata.str1.1
                0x03809651        0xa C:\Program Files (x86)\VEX Robotics\VEXcode V5 Text\sdk/vexv5\libv5rt.a(vex_task.cpp.obj)
 .rodata.str1.1
                0x0380965b       0x2b C:\Program Files (x86)\VEX Robotics\VEXcode V5 Text\sdk/vexv5\libv5rt.a(vex_brain.cpp.obj)
 *fill*         0x03809686        0x2 
 .rodata._ZTVN3vex7triportE
                0x03809688       0x10 C:\Program Files (x86)\VEX Robotics\VEXcode V5 Text\sdk/vexv5\libv5rt.a(vex_triport.cpp.obj)
                0x03809688                vtable for vex::triport
 .rodata.CSWTCH.26
                0x03809698        0xe C:\Program Files (x86)\VEX Robotics\VEXcode V5 Text\sdk/vexv5\libv5rt.a(vex_triport.cpp.obj)
 .rodata.CSWTCH.31
                0x038096a6       0x10 C:\Program Files (x86)\VEX Robotics\VEXcode V5 Text\sdk/vexv5\libv5rt.a(vex_triport.cpp.obj)
 *fill*         0x038096b6        0x2 
 .rodata._ZTVN3vex6deviceE
                0x038096b8       0x10 C:\Program Files (x86)\VEX Robotics\VEXcode V5 Text\sdk/vexv5\libv5rt.a(vex_device.cpp.obj)
                0x038096b8                vtable for vex::device
 .rodata.str1.4
                0x038096c8        0x4 C:\Program Files (x86)\VEX Robotics\VEXcode V5 Text\sdk/vexv5/gcc/libs\libc.a(lib_a-impure.o)
                                  0x2 (size before relaxing)
 *(.gnu.linkonce.r.*)
                0x038096cc                __rodata_end = .

.rodata1        0x038096cc        0x0
                0x038096cc                __rodata1_start = .
 *(.rodata1)
 *(.rodata1.*)
                0x038096cc                __rodata1_end = .

.sdata2         0x038096cc        0x0
                0x038096cc                __sdata2_start = .
 *(.sdata2)
 *(.sdata2.*)
 *(.gnu.linkonce.s2.*)
                0x038096cc                __sdata2_end = .

.sbss2          0x038096cc        0x0
                0x038096cc                __sbss2_start = .
 *(.sbss2)
 *(.sbss2.*)
 *(.gnu.linkonce.sb2.*)
                0x038096cc                __sbss2_end = .

.data           0x038096d0      0x46c
                0x038096d0                __data_start = .
 *(.data)
 *(.data.*)
 .data.liftB    0x038096d0        0x1 build/src/main.o
                0x038096d0                liftB
 *fill*         0x038096d1        0x3 
 .data.auton    0x038096d4        0x4 build/src/main.o
                0x038096d4                auton
 .data.xStart   0x038096d8        0x4 build/src/activity_autoSelect.o
                0x038096d8                xStart
 .data.yStart   0x038096dc        0x4 build/src/activity_autoSelect.o
                0x038096dc                yStart
 .data.width    0x038096e0        0x4 build/src/activity_autoSelect.o
                0x038096e0                width
 .data.char1    0x038096e4        0x1 build/src/activity_loading.o
                0x038096e4                char1
 .data.char2    0x038096e5        0x1 build/src/activity_loading.o
                0x038096e5                char2
 .data.char3    0x038096e6        0x1 build/src/activity_loading.o
                0x038096e6                char3
 .data.char4    0x038096e7        0x1 build/src/activity_loading.o
                0x038096e7                char4
 .data.char5    0x038096e8        0x1 build/src/activity_loading.o
                0x038096e8                char5
 *fill*         0x038096e9        0x3 
 .data.activity
                0x038096ec        0x4 build/src/activityControl.o
                0x038096ec                activity
 .data.appRunning
                0x038096f0        0x4 C:\Program Files (x86)\VEX Robotics\VEXcode V5 Text\sdk/vexv5\libv5rt.a(v5_startup.c.obj)
                0x038096f0                appRunning
 .data.__yoff   0x038096f4        0x4 C:\Program Files (x86)\VEX Robotics\VEXcode V5 Text\sdk/vexv5\libv5rt.a(v5_apijump.c.obj)
 .data._ZN3vex5brakeE
                0x038096f8        0x4 C:\Program Files (x86)\VEX Robotics\VEXcode V5 Text\sdk/vexv5\libv5rt.a(vex_global.cpp.obj)
                0x038096f8                vex::brake
 .data._ZN3vex4holdE
                0x038096fc        0x4 C:\Program Files (x86)\VEX Robotics\VEXcode V5 Text\sdk/vexv5\libv5rt.a(vex_global.cpp.obj)
                0x038096fc                vex::hold
 .data._ZN3vex4msecE
                0x03809700        0x4 C:\Program Files (x86)\VEX Robotics\VEXcode V5 Text\sdk/vexv5\libv5rt.a(vex_global.cpp.obj)
                0x03809700                vex::msec
 .data._ZN3vex3rpmE
                0x03809704        0x4 C:\Program Files (x86)\VEX Robotics\VEXcode V5 Text\sdk/vexv5\libv5rt.a(vex_global.cpp.obj)
                0x03809704                vex::rpm
 .data._ZN3vex24__default_motor_velocityE
                0x03809708        0x4 C:\Program Files (x86)\VEX Robotics\VEXcode V5 Text\sdk/vexv5\libv5rt.a(vex_motor.cpp.obj)
                0x03809708                vex::__default_motor_velocity
 *fill*         0x0380970c        0x4 
 .data.impure_data
                0x03809710      0x428 C:\Program Files (x86)\VEX Robotics\VEXcode V5 Text\sdk/vexv5/gcc/libs\libc.a(lib_a-impure.o)
 .data._impure_ptr
                0x03809b38        0x4 C:\Program Files (x86)\VEX Robotics\VEXcode V5 Text\sdk/vexv5/gcc/libs\libc.a(lib_a-impure.o)
                0x03809b38                _impure_ptr
 *(.gnu.linkonce.d.*)
 *(.jcr)
 *(.got)
 *(.got.plt)
                0x03809b3c                __data_end = .

.igot.plt       0x03809b3c        0x0
 .igot.plt      0x00000000        0x0 build/src/auto1.o

.data1          0x03809b3c        0x0
                0x03809b3c                __data1_start = .
 *(.data1)
 *(.data1.*)
                0x03809b3c                __data1_end = .

.got
 *(.got)

.ctors          0x03809b3c        0x0
                0x03809b3c                __CTOR_LIST__ = .
                0x03809b3c                ___CTORS_LIST___ = .
 *crtbegin.o(.ctors)
 *(EXCLUDE_FILE(*crtend.o) .ctors)
 *(SORT(.ctors.*))
 *(.ctors)
                0x03809b3c                __CTOR_END__ = .
                0x03809b3c                ___CTORS_END___ = .

.dtors          0x03809b3c        0x0
                0x03809b3c                __DTOR_LIST__ = .
                0x03809b3c                ___DTORS_LIST___ = .
 *crtbegin.o(.dtors)
 *(EXCLUDE_FILE(*crtend.o) .dtors)
 *(SORT(.dtors.*))
 *(.dtors)
                0x03809b3c                __DTOR_END__ = .
                0x03809b3c                ___DTORS_END___ = .

.fixup          0x03809b3c        0x0
                0x03809b3c                __fixup_start = .
 *(.fixup)
                0x03809b3c                __fixup_end = .

.eh_frame
 *(.eh_frame)

.eh_framehdr    0x03809b3c        0x0
                0x03809b3c                __eh_framehdr_start = .
 *(.eh_framehdr)
                0x03809b3c                __eh_framehdr_end = .

.gcc_except_table
 *(.gcc_except_table)

.mmu_tbl        0x0380c000        0x0
                0x0380c000                __mmu_tbl_start = .
 *(.mmu_tbl)
                0x0380c000                __mmu_tbl_end = .

.ARM.exidx      0x03809b3c        0x8
                0x03809b3c                __exidx_start = .
 *(.ARM.exidx*)
 .ARM.exidx.text._Z5auto1v
                0x03809b3c        0x8 build/src/auto1.o
 .ARM.exidx.text._Z5auto7v
                0x03809b44        0x0 build/src/auto7.o
                                  0x8 (size before relaxing)
 .ARM.exidx.text._Z9pre_autonv
                0x03809b44        0x0 build/src/main.o
                                  0x8 (size before relaxing)
 .ARM.exidx.text._Z10autonomousv
                0x03809b44        0x0 build/src/main.o
                                  0x8 (size before relaxing)
 .ARM.exidx.text._Z13drivercontrolv
                0x03809b44        0x0 build/src/main.o
                                  0x8 (size before relaxing)
 .ARM.exidx.text.main
                0x03809b44        0x0 build/src/main.o
                                  0x8 (size before relaxing)
 .ARM.exidx.text._GLOBAL__sub_I_main.cpp
                0x03809b44        0x0 build/src/main.o
                                  0x8 (size before relaxing)
 .ARM.exidx.text.__cxx_global_array_dtor
                0x03809b44        0x0 build/src/activity_main.o
                                  0x8 (size before relaxing)
 .ARM.exidx.text.__cxx_global_array_dtor.5
                0x03809b44        0x0 build/src/activity_main.o
                                  0x8 (size before relaxing)
 .ARM.exidx.text._Z13activity_mainv
                0x03809b44        0x0 build/src/activity_main.o
                                  0x8 (size before relaxing)
 .ARM.exidx.text._GLOBAL__sub_I_activity_main.cpp
                0x03809b44        0x0 build/src/activity_main.o
                                  0x8 (size before relaxing)
 .ARM.exidx.text.__cxx_global_array_dtor
                0x03809b44        0x0 build/src/activity_autoSelect.o
                                  0x8 (size before relaxing)
 .ARM.exidx.text.__cxx_global_array_dtor.5
                0x03809b44        0x0 build/src/activity_autoSelect.o
                                  0x8 (size before relaxing)
 .ARM.exidx.text._Z19activity_autoSelectv
                0x03809b44        0x0 build/src/activity_autoSelect.o
                                  0x8 (size before relaxing)
 .ARM.exidx.text._Z7drawMapv
                0x03809b44        0x0 build/src/activity_autoSelect.o
                                  0x8 (size before relaxing)
 .ARM.exidx.text._Z9drawStartff
                0x03809b44        0x0 build/src/activity_autoSelect.o
                                  0x8 (size before relaxing)
 .ARM.exidx.text._GLOBAL__sub_I_activity_autoSelect.cpp
                0x03809b44        0x0 build/src/activity_autoSelect.o
                                  0x8 (size before relaxing)
 .ARM.exidx.text._Z5auto3v
                0x03809b44        0x0 build/src/auto3.o
                                  0x8 (size before relaxing)
 .ARM.exidx.text._Z8gyroInitv
                0x03809b44        0x0 build/src/motorControl.o
                                  0x8 (size before relaxing)
 .ARM.exidx.text._Z10ResetMotorv
                0x03809b44        0x0 build/src/motorControl.o
                                  0x8 (size before relaxing)
 .ARM.exidx.text._Z4Moveff
                0x03809b44        0x0 build/src/motorControl.o
                                  0x8 (size before relaxing)
 .ARM.exidx.text._Z5sMoveff
                0x03809b44        0x0 build/src/motorControl.o
                                  0x8 (size before relaxing)
 .ARM.exidx.text._Z4StopN3vex9brakeTypeE
                0x03809b44        0x0 build/src/motorControl.o
                                  0x8 (size before relaxing)
 .ARM.exidx.text._Z4Lifti
                0x03809b44        0x0 build/src/motorControl.o
                                  0x8 (size before relaxing)
 .ARM.exidx.text._Z4TrayfN3vex9brakeTypeEf
                0x03809b44        0x0 build/src/motorControl.o
                                  0x8 (size before relaxing)
 .ARM.exidx.text._Z6IntakefN3vex9brakeTypeE
                0x03809b44        0x0 build/src/motorControl.o
                                  0x8 (size before relaxing)
 .ARM.exidx.text._Z6spreadb
                0x03809b44        0x0 build/src/motorControl.o
                                  0x8 (size before relaxing)
 .ARM.exidx.text._Z11rushForwardiffb
                0x03809b44        0x0 build/src/motorControl.o
                                  0x8 (size before relaxing)
 .ARM.exidx.text._Z12rushBackwardiffb
                0x03809b44        0x0 build/src/motorControl.o
                                  0x8 (size before relaxing)
 .ARM.exidx.text._Z10locateCubev
                0x03809b44        0x0 build/src/motorControl.o
                                  0x8 (size before relaxing)
 .ARM.exidx.text._Z9goForwardifffff
                0x03809b44        0x0 build/src/motorControl.o
                                  0x8 (size before relaxing)
 .ARM.exidx.text._Z10goBackwardifffff
                0x03809b44        0x0 build/src/motorControl.o
                                  0x8 (size before relaxing)
 .ARM.exidx.text._Z16turnLeftWithGyroiffbfff
                0x03809b44        0x0 build/src/motorControl.o
                                  0x8 (size before relaxing)
 .ARM.exidx.text._Z17turnRightWithGyroiffbfff
                0x03809b44        0x0 build/src/motorControl.o
                                  0x8 (size before relaxing)
 .ARM.exidx.text._Z18turnRightWithGyroLiffbfff
                0x03809b44        0x0 build/src/motorControl.o
                                  0x8 (size before relaxing)
 .ARM.exidx.text._Z17turnLeftWithGyroRiffbfff
                0x03809b44        0x0 build/src/motorControl.o
                                  0x8 (size before relaxing)
 .ARM.exidx.text._Z7runAutov
                0x03809b44        0x0 build/src/auto.o
                                  0x8 (size before relaxing)
 .ARM.exidx.text._Z8autoTestv
                0x03809b44        0x0 build/src/auto.o
                                  0x8 (size before relaxing)
 .ARM.exidx.text._Z5auto5v
                0x03809b44        0x0 build/src/auto.o
                                  0x8 (size before relaxing)
 .ARM.exidx.text._Z5auto6v
                0x03809b44        0x0 build/src/auto.o
                                  0x8 (size before relaxing)
 .ARM.exidx.text._Z14displayTeamNumv
                0x03809b44        0x0 build/src/activity_loading.o
                                  0x8 (size before relaxing)
 .ARM.exidx.text._Z16activity_loadingSsb
                0x03809b44        0x0 build/src/activity_loading.o
                                  0x8 (size before relaxing)
 .ARM.exidx.text._Z15activityControli
                0x03809b44        0x0 build/src/activityControl.o
                                  0x8 (size before relaxing)
 .ARM.exidx.text._Z12activityMaini
                0x03809b44        0x0 build/src/activityControl.o
                                  0x8 (size before relaxing)
 .ARM.exidx.text._Z8GyroTaskv
                0x03809b44        0x0 build/src/GyroLib.o
                                  0x8 (size before relaxing)
 .ARM.exidx.text._Z12GyroGetAnglev
                0x03809b44        0x0 build/src/GyroLib.o
                                  0x8 (size before relaxing)
 .ARM.exidx.text._Z15GyroGetAbsAnglev
                0x03809b44        0x0 build/src/GyroLib.o
                                  0x8 (size before relaxing)
 .ARM.exidx.text._Z12GyroGetValidv
                0x03809b44        0x0 build/src/GyroLib.o
                                  0x8 (size before relaxing)
 .ARM.exidx.text._Z20activity_sensorValuev
                0x03809b44        0x0 build/src/activity_sensorValue.o
                                  0x8 (size before relaxing)
 .ARM.exidx.text._Z5auto2v
                0x03809b44        0x0 build/src/auto2.o
                                  0x8 (size before relaxing)
 .ARM.exidx.text._Z18activity_motorInfov
                0x03809b44        0x0 build/src/activity_motorInfo.o
                                  0x8 (size before relaxing)
 .ARM.exidx.text._Z18activity_robotTestv
                0x03809b44        0x0 build/src/activity_robotTest.o
                                  0x8 (size before relaxing)
 *(.gnu.linkonce.armexidix.*.*)
                0x03809b44                __exidx_end = .

.rel.dyn        0x03809b44        0x0
 .rel.iplt      0x00000000        0x0 build/src/auto1.o

.preinit_array  0x03809b44        0x0
                0x03809b44                __preinit_array_start = .
 *(SORT(.preinit_array.*))
 *(.preinit_array)
                0x03809b44                __preinit_array_end = .

.init_array     0x03809b44       0x14
                0x03809b44                __init_array_start = .
 *(SORT(.init_array.*))
 *(.init_array)
 .init_array    0x03809b44        0x4 build/src/main.o
 .init_array    0x03809b48        0x4 build/src/activity_main.o
 .init_array    0x03809b4c        0x4 build/src/activity_autoSelect.o
 .init_array    0x03809b50        0x4 C:\Program Files (x86)\VEX Robotics\VEXcode V5 Text\sdk/vexv5\libv5rt.a(vex_triport.cpp.obj)
 .init_array    0x03809b54        0x4 C:\Program Files (x86)\VEX Robotics\VEXcode V5 Text\sdk/vexv5\libv5rt.a(vex_color.cpp.obj)
                0x03809b58                __init_array_end = .

.fini_array     0x03809b58        0x0
                0x03809b58                __fini_array_start = .
 *(SORT(.fini_array.*))
 *(.fini_array)
                0x03809b58                __fini_array_end = .

.ARM.attributes
                0x03809b58       0x3c
                0x03809b58                __ARM.attributes_start = .
 *(.ARM.attributes)
 .ARM.attributes
                0x03809b58       0x3a build/src/auto1.o
 .ARM.attributes
                0x03809b92       0x3a build/src/auto7.o
 .ARM.attributes
                0x03809bcc       0x3a build/src/main.o
 .ARM.attributes
                0x03809c06       0x3a build/src/activity_main.o
 .ARM.attributes
                0x03809c40       0x3a build/src/activity_autoSelect.o
 .ARM.attributes
                0x03809c7a       0x3a build/src/auto3.o
 .ARM.attributes
                0x03809cb4       0x3a build/src/motorControl.o
 .ARM.attributes
                0x03809cee       0x3a build/src/auto.o
 .ARM.attributes
                0x03809d28       0x3a build/src/activity_loading.o
 .ARM.attributes
                0x03809d62       0x3a build/src/activityControl.o
 .ARM.attributes
                0x03809d9c       0x3a build/src/GyroLib.o
 .ARM.attributes
                0x03809dd6       0x3a build/src/activity_sensorValue.o
 .ARM.attributes
                0x03809e10       0x3a build/src/auto2.o
 .ARM.attributes
                0x03809e4a       0x3a build/src/activity_motorInfo.o
 .ARM.attributes
                0x03809e84       0x3a build/src/activity_robotTest.o
 .ARM.attributes
                0x03809ebe       0x35 C:\Program Files (x86)\VEX Robotics\VEXcode V5 Text\sdk/vexv5\libv5rt.a(v5_startup.c.obj)
 .ARM.attributes
                0x03809ef3       0x35 C:\Program Files (x86)\VEX Robotics\VEXcode V5 Text\sdk/vexv5\libv5rt.a(v5_util.c.obj)
 .ARM.attributes
                0x03809f28       0x35 C:\Program Files (x86)\VEX Robotics\VEXcode V5 Text\sdk/vexv5\libv5rt.a(v5_apijump.c.obj)
 .ARM.attributes
                0x03809f5d       0x35 C:\Program Files (x86)\VEX Robotics\VEXcode V5 Text\sdk/vexv5\libv5rt.a(v5_apiversions.c.obj)
 .ARM.attributes
                0x03809f92       0x35 C:\Program Files (x86)\VEX Robotics\VEXcode V5 Text\sdk/vexv5\libv5rt.a(vex_global.cpp.obj)
 .ARM.attributes
                0x03809fc7       0x35 C:\Program Files (x86)\VEX Robotics\VEXcode V5 Text\sdk/vexv5\libv5rt.a(vex_motor.cpp.obj)
 .ARM.attributes
                0x03809ffc       0x35 C:\Program Files (x86)\VEX Robotics\VEXcode V5 Text\sdk/vexv5\libv5rt.a(vex_controller.cpp.obj)
 .ARM.attributes
                0x0380a031       0x35 C:\Program Files (x86)\VEX Robotics\VEXcode V5 Text\sdk/vexv5\libv5rt.a(vex_task.cpp.obj)
 .ARM.attributes
                0x0380a066       0x35 C:\Program Files (x86)\VEX Robotics\VEXcode V5 Text\sdk/vexv5\libv5rt.a(vex_event.cpp.obj)
 .ARM.attributes
                0x0380a09b       0x35 C:\Program Files (x86)\VEX Robotics\VEXcode V5 Text\sdk/vexv5\libv5rt.a(vex_mevent.cpp.obj)
 .ARM.attributes
                0x0380a0d0       0x35 C:\Program Files (x86)\VEX Robotics\VEXcode V5 Text\sdk/vexv5\libv5rt.a(vex_brain.cpp.obj)
 .ARM.attributes
                0x0380a105       0x35 C:\Program Files (x86)\VEX Robotics\VEXcode V5 Text\sdk/vexv5\libv5rt.a(vex_competition.cpp.obj)
 .ARM.attributes
                0x0380a13a       0x35 C:\Program Files (x86)\VEX Robotics\VEXcode V5 Text\sdk/vexv5\libv5rt.a(vex_triport.cpp.obj)
 .ARM.attributes
                0x0380a16f       0x35 C:\Program Files (x86)\VEX Robotics\VEXcode V5 Text\sdk/vexv5\libv5rt.a(vex_color.cpp.obj)
 .ARM.attributes
                0x0380a1a4       0x35 C:\Program Files (x86)\VEX Robotics\VEXcode V5 Text\sdk/vexv5\libv5rt.a(vex_timer.cpp.obj)
 .ARM.attributes
                0x0380a1d9       0x35 C:\Program Files (x86)\VEX Robotics\VEXcode V5 Text\sdk/vexv5\libv5rt.a(v5_apiuser.c.obj)
 .ARM.attributes
                0x0380a20e       0x35 C:\Program Files (x86)\VEX Robotics\VEXcode V5 Text\sdk/vexv5\libv5rt.a(vex_device.cpp.obj)
 .ARM.attributes
                0x0380a243       0x2b C:\Program Files (x86)\VEX Robotics\VEXcode V5 Text\sdk/vexv5/gcc/libs\libc.a(lib_a-fini.o)
 .ARM.attributes
                0x0380a26e       0x2b C:\Program Files (x86)\VEX Robotics\VEXcode V5 Text\sdk/vexv5/gcc/libs\libc.a(lib_a-impure.o)
 .ARM.attributes
                0x0380a299       0x2b C:\Program Files (x86)\VEX Robotics\VEXcode V5 Text\sdk/vexv5/gcc/libs\libc.a(lib_a-init.o)
 .ARM.attributes
                0x0380a2c4       0x2b C:\Program Files (x86)\VEX Robotics\VEXcode V5 Text\sdk/vexv5/gcc/libs\libc.a(lib_a-rand.o)
                0x0380a2ef                __ARM.attributes_end = .

.sdata          0x03809b58        0x0
                0x03809b58                __sdata_start = .
 *(.sdata)
 *(.sdata.*)
 *(.gnu.linkonce.s.*)
                0x03809b58                __sdata_end = .

.sbss           0x03809b58        0x0
                0x03809b58                __sbss_start = .
 *(.sbss)
 *(.sbss.*)
 *(.gnu.linkonce.sb.*)
                0x03809b58                __sbss_end = .

.tdata          0x03809b58        0x0
                0x03809b58                __tdata_start = .
 *(.tdata)
 *(.tdata.*)
 *(.gnu.linkonce.td.*)
                0x03809b58                __tdata_end = .

.tbss           0x03809b58        0x0
                0x03809b58                __tbss_start = .
 *(.tbss)
 *(.tbss.*)
 *(.gnu.linkonce.tb.*)
                0x03809b58                __tbss_end = .

.bss            0x03809b58      0x870
                0x03809b58                __bss_start = .
 *(.bss)
 *(.bss.*)
 .bss.Brain     0x03809b58      0x2dc build/src/main.o
                0x03809b58                Brain
 .bss.Controller
                0x03809e34      0x1e0 build/src/main.o
                0x03809e34                Controller
 *fill*         0x0380a014        0x4 
 .bss.a         0x0380a018       0x2c build/src/main.o
                0x0380a018                a
 .bss.motorPreset
                0x0380a044       0x20 build/src/main.o
                0x0380a044                motorPreset
 *fill*         0x0380a064        0x4 
 .bss.triPreset
                0x0380a068       0xb0 build/src/main.o
                0x0380a068                triPreset
 .bss.LeftMotor1
                0x0380a118       0x24 build/src/main.o
                0x0380a118                LeftMotor1
 .bss.LeftMotor2
                0x0380a13c       0x24 build/src/main.o
                0x0380a13c                LeftMotor2
 .bss.RightMotor1
                0x0380a160       0x24 build/src/main.o
                0x0380a160                RightMotor1
 .bss.RightMotor2
                0x0380a184       0x24 build/src/main.o
                0x0380a184                RightMotor2
 .bss.LiftMotor
                0x0380a1a8       0x24 build/src/main.o
                0x0380a1a8                LiftMotor
 .bss.TrayMotor
                0x0380a1cc       0x24 build/src/main.o
                0x0380a1cc                TrayMotor
 .bss.LeftIntake
                0x0380a1f0       0x24 build/src/main.o
                0x0380a1f0                LeftIntake
 .bss.RightIntake
                0x0380a214       0x24 build/src/main.o
                0x0380a214                RightIntake
 .bss.LimitBack
                0x0380a238       0x20 build/src/main.o
                0x0380a238                LimitBack
 .bss.LimitDown
                0x0380a258       0x20 build/src/main.o
                0x0380a258                LimitDown
 .bss.Gyro      0x0380a278       0x24 build/src/main.o
                0x0380a278                Gyro
 .bss.Line      0x0380a29c       0x1c build/src/main.o
                0x0380a29c                Line
 .bss.Competition
                0x0380a2b8       0x28 build/src/main.o
                0x0380a2b8                Competition
 .bss.initComplete
                0x0380a2e0        0x1 build/src/main.o
                0x0380a2e0                initComplete
 *fill*         0x0380a2e1        0x3 
 .bss._ZL8blueAuto
                0x0380a2e4       0x10 build/src/activity_main.o
 .bss._ZL7redAuto
                0x0380a2f4       0x10 build/src/activity_main.o
 .bss._ZL8blueAuto
                0x0380a304       0x10 build/src/activity_autoSelect.o
 .bss._ZL7redAuto
                0x0380a314       0x10 build/src/activity_autoSelect.o
 .bss._ZL7theGyro.0
                0x0380a324        0x1 build/src/GyroLib.o
 *fill*         0x0380a325        0x3 
 .bss._ZL7theGyro.1
                0x0380a328        0x4 build/src/GyroLib.o
 .bss._ZL7theGyro.2
                0x0380a32c        0x4 build/src/GyroLib.o
 .bss.__dso_handle
                0x0380a330        0x4 C:\Program Files (x86)\VEX Robotics\VEXcode V5 Text\sdk/vexv5\libv5rt.a(v5_startup.c.obj)
                0x0380a330                __dso_handle
 .bss.lastTime.8314
                0x0380a334        0x4 C:\Program Files (x86)\VEX Robotics\VEXcode V5 Text\sdk/vexv5\libv5rt.a(v5_apijump.c.obj)
 .bss._ZN3vex2NmE
                0x0380a338        0x4 C:\Program Files (x86)\VEX Robotics\VEXcode V5 Text\sdk/vexv5\libv5rt.a(vex_global.cpp.obj)
                0x0380a338                vex::Nm
 .bss._ZN3vex5coastE
                0x0380a33c        0x4 C:\Program Files (x86)\VEX Robotics\VEXcode V5 Text\sdk/vexv5\libv5rt.a(vex_global.cpp.obj)
                0x0380a33c                vex::coast
 .bss._ZN3vex3fwdE
                0x0380a340        0x4 C:\Program Files (x86)\VEX Robotics\VEXcode V5 Text\sdk/vexv5\libv5rt.a(vex_global.cpp.obj)
                0x0380a340                vex::fwd
 .bss._ZN3vex3pctE
                0x0380a344        0x4 C:\Program Files (x86)\VEX Robotics\VEXcode V5 Text\sdk/vexv5\libv5rt.a(vex_global.cpp.obj)
                0x0380a344                vex::pct
 .bss._ZN3vex3degE
                0x0380a348        0x4 C:\Program Files (x86)\VEX Robotics\VEXcode V5 Text\sdk/vexv5\libv5rt.a(vex_global.cpp.obj)
                0x0380a348                vex::deg
 .bss._ZN3vex4task8_labelIdE
                0x0380a34c        0x4 C:\Program Files (x86)\VEX Robotics\VEXcode V5 Text\sdk/vexv5\libv5rt.a(vex_task.cpp.obj)
                0x0380a34c                vex::task::_labelId
 .bss._ZN3vex11competition22bStopTasksBetweenModesE
                0x0380a350        0x1 C:\Program Files (x86)\VEX Robotics\VEXcode V5 Text\sdk/vexv5\libv5rt.a(vex_competition.cpp.obj)
                0x0380a350                vex::competition::bStopTasksBetweenModes
 .bss._ZN3vex11competition25bStopAllTasksBetweenModesE
                0x0380a351        0x1 C:\Program Files (x86)\VEX Robotics\VEXcode V5 Text\sdk/vexv5\libv5rt.a(vex_competition.cpp.obj)
                0x0380a351                vex::competition::bStopAllTasksBetweenModes
 .bss._ZN3vex11competition14_auton_pendingE
                0x0380a352        0x1 C:\Program Files (x86)\VEX Robotics\VEXcode V5 Text\sdk/vexv5\libv5rt.a(vex_competition.cpp.obj)
                0x0380a352                vex::competition::_auton_pending
 *fill*         0x0380a353        0x1 
 .bss._ZN3vex11competition20_autonomous_callbackE
                0x0380a354        0x4 C:\Program Files (x86)\VEX Robotics\VEXcode V5 Text\sdk/vexv5\libv5rt.a(vex_competition.cpp.obj)
                0x0380a354                vex::competition::_autonomous_callback
 .bss._ZN3vex11competition23_drivercontrol_callbackE
                0x0380a358        0x4 C:\Program Files (x86)\VEX Robotics\VEXcode V5 Text\sdk/vexv5\libv5rt.a(vex_competition.cpp.obj)
                0x0380a358                vex::competition::_drivercontrol_callback
 .bss._ZN3vex11competition15_driver_pendingE
                0x0380a35c        0x1 C:\Program Files (x86)\VEX Robotics\VEXcode V5 Text\sdk/vexv5\libv5rt.a(vex_competition.cpp.obj)
                0x0380a35c                vex::competition::_driver_pending
 .bss._ZStL8__ioinit
                0x0380a35d        0x1 C:\Program Files (x86)\VEX Robotics\VEXcode V5 Text\sdk/vexv5\libv5rt.a(vex_triport.cpp.obj)
 *fill*         0x0380a35e        0x2 
 .bss._ZN3vex5color6orangeE
                0x0380a360        0x8 C:\Program Files (x86)\VEX Robotics\VEXcode V5 Text\sdk/vexv5\libv5rt.a(vex_color.cpp.obj)
                0x0380a360                vex::color::orange
 .bss._ZN3vex5color5blackE
                0x0380a368        0x8 C:\Program Files (x86)\VEX Robotics\VEXcode V5 Text\sdk/vexv5\libv5rt.a(vex_color.cpp.obj)
                0x0380a368                vex::color::black
 .bss._ZN3vex5color6yellowE
                0x0380a370        0x8 C:\Program Files (x86)\VEX Robotics\VEXcode V5 Text\sdk/vexv5\libv5rt.a(vex_color.cpp.obj)
                0x0380a370                vex::color::yellow
 .bss._ZN3vex5color5greenE