Archive member included because of file (symbol)

C:\Program Files (x86)\VEX Robotics\VEXcode\sdk/vexv5\libv5rt.a(v5_startup.c.obj)
                              (vexStartup)
C:\Program Files (x86)\VEX Robotics\VEXcode\sdk/vexv5\libv5rt.a(v5_util.c.obj)
                              C:\Program Files (x86)\VEX Robotics\VEXcode\sdk/vexv5\libv5rt.a(v5_startup.c.obj) (vexStdlibVersionLinked)
C:\Program Files (x86)\VEX Robotics\VEXcode\sdk/vexv5\libv5rt.a(v5_apijump.c.obj)
                              C:\Program Files (x86)\VEX Robotics\VEXcode\sdk/vexv5\libv5rt.a(v5_startup.c.obj) (vexPrivateApiEnable)
C:\Program Files (x86)\VEX Robotics\VEXcode\sdk/vexv5\libv5rt.a(v5_apiversions.c.obj)
                              C:\Program Files (x86)\VEX Robotics\VEXcode\sdk/vexv5\libv5rt.a(v5_apijump.c.obj) (vexSystemVersion)
C:\Program Files (x86)\VEX Robotics\VEXcode\sdk/vexv5\libv5rt.a(vex_global.cpp.obj)
                              build/src/main.o (vex::ratio18_1)
C:\Program Files (x86)\VEX Robotics\VEXcode\sdk/vexv5\libv5rt.a(vex_motor.cpp.obj)
                              build/src/main.o (vex::motor::~motor())
C:\Program Files (x86)\VEX Robotics\VEXcode\sdk/vexv5\libv5rt.a(vex_controller.cpp.obj)
                              build/src/main.o (vex::controller::~controller())
C:\Program Files (x86)\VEX Robotics\VEXcode\sdk/vexv5\libv5rt.a(vex_task.cpp.obj)
                              build/src/main.o (vex::task::sleep(unsigned long))
C:\Program Files (x86)\VEX Robotics\VEXcode\sdk/vexv5\libv5rt.a(vex_event.cpp.obj)
                              C:\Program Files (x86)\VEX Robotics\VEXcode\sdk/vexv5\libv5rt.a(vex_controller.cpp.obj) (vex::event::init(unsigned long, unsigned long, void (*)()))
C:\Program Files (x86)\VEX Robotics\VEXcode\sdk/vexv5\libv5rt.a(vex_mevent.cpp.obj)
                              C:\Program Files (x86)\VEX Robotics\VEXcode\sdk/vexv5\libv5rt.a(vex_controller.cpp.obj) (vex::mevent::mevent(unsigned long, unsigned long))
C:\Program Files (x86)\VEX Robotics\VEXcode\sdk/vexv5\libv5rt.a(vex_brain.cpp.obj)
                              build/src/main.o (vex::brain::~brain())
C:\Program Files (x86)\VEX Robotics\VEXcode\sdk/vexv5\libv5rt.a(vex_competition.cpp.obj)
                              build/src/main.o (vex::competition::competition())
C:\Program Files (x86)\VEX Robotics\VEXcode\sdk/vexv5\libv5rt.a(vex_triport.cpp.obj)
                              C:\Program Files (x86)\VEX Robotics\VEXcode\sdk/vexv5\libv5rt.a(vex_brain.cpp.obj) (vex::triport::~triport())
C:\Program Files (x86)\VEX Robotics\VEXcode\sdk/vexv5\libv5rt.a(vex_color.cpp.obj)
                              C:\Program Files (x86)\VEX Robotics\VEXcode\sdk/vexv5\libv5rt.a(vex_brain.cpp.obj) (vex::color::operator unsigned long() const)
C:\Program Files (x86)\VEX Robotics\VEXcode\sdk/vexv5\libv5rt.a(vex_timer.cpp.obj)
                              C:\Program Files (x86)\VEX Robotics\VEXcode\sdk/vexv5\libv5rt.a(vex_brain.cpp.obj) (vex::timer::~timer())
C:\Program Files (x86)\VEX Robotics\VEXcode\sdk/vexv5\libv5rt.a(v5_apiuser.c.obj)
                              C:\Program Files (x86)\VEX Robotics\VEXcode\sdk/vexv5\libv5rt.a(vex_triport.cpp.obj) (vexAdiPortConfigSet)
C:\Program Files (x86)\VEX Robotics\VEXcode\sdk/vexv5\libv5rt.a(vex_device.cpp.obj)
                              C:\Program Files (x86)\VEX Robotics\VEXcode\sdk/vexv5\libv5rt.a(vex_triport.cpp.obj) (vex::device::value())
C:\Program Files (x86)\VEX Robotics\VEXcode\sdk/vexv5/gcc/libs\libc.a(lib_a-fini.o)
                              C:\Program Files (x86)\VEX Robotics\VEXcode\sdk/vexv5\libv5rt.a(v5_startup.c.obj) (__libc_fini_array)
C:\Program Files (x86)\VEX Robotics\VEXcode\sdk/vexv5/gcc/libs\libc.a(lib_a-impure.o)
                              C:\Program Files (x86)\VEX Robotics\VEXcode\sdk/vexv5\libv5rt.a(v5_startup.c.obj) (_impure_ptr)
C:\Program Files (x86)\VEX Robotics\VEXcode\sdk/vexv5/gcc/libs\libc.a(lib_a-init.o)
                              C:\Program Files (x86)\VEX Robotics\VEXcode\sdk/vexv5\libv5rt.a(v5_startup.c.obj) (__libc_init_array)
C:\Program Files (x86)\VEX Robotics\VEXcode\sdk/vexv5/gcc/libs\libc.a(lib_a-tolower.o)
                              C:\Program Files (x86)\VEX Robotics\VEXcode\sdk/vexv5\libv5rt.a(vex_brain.cpp.obj) (tolower)
C:\Program Files (x86)\VEX Robotics\VEXcode\sdk/vexv5/gcc/libs\libc.a(lib_a-ctype_.o)
                              C:\Program Files (x86)\VEX Robotics\VEXcode\sdk/vexv5/gcc/libs\libc.a(lib_a-tolower.o) (__ctype_ptr__)

Allocating common symbols
Common symbol       size              file

__bss_end           0x4               C:\Program Files (x86)\VEX Robotics\VEXcode\sdk/vexv5\libv5rt.a(v5_startup.c.obj)
__vex_critical_section
                    0x1               C:\Program Files (x86)\VEX Robotics\VEXcode\sdk/vexv5\libv5rt.a(v5_startup.c.obj)
__sbss_start        0x4               C:\Program Files (x86)\VEX Robotics\VEXcode\sdk/vexv5\libv5rt.a(v5_startup.c.obj)
[...]
Memory Configuration

Name             Origin             Length             Attributes
ps7_ddr_0_S_AXI_BASEADDR 0x03800000         0x04800000
*default*        0x00000000         0xffffffff

Linker script and memory map

                0x00002000                _STACK_SIZE = DEFINED (_STACK_SIZE)?_STACK_SIZE:0x2000
                0x00100000                _HEAP_SIZE = DEFINED (_HEAP_SIZE)?_HEAP_SIZE:0x100000
                0x00000400                _ABORT_STACK_SIZE = DEFINED (_ABORT_STACK_SIZE)?_ABORT_STACK_SIZE:0x400
                0x00000800                _SUPERVISOR_STACK_SIZE = DEFINED (_SUPERVISOR_STACK_SIZE)?_SUPERVISOR_STACK_SIZE:0x800
                0x00000400                _IRQ_STACK_SIZE = DEFINED (_IRQ_STACK_SIZE)?_IRQ_STACK_SIZE:0x400
                0x00000400                _FIQ_STACK_SIZE = DEFINED (_FIQ_STACK_SIZE)?_FIQ_STACK_SIZE:0x400
                0x00000400                _UNDEF_STACK_SIZE = DEFINED (_UNDEF_STACK_SIZE)?_UNDEF_STACK_SIZE:0x400

.text           0x03800000     0x4c08
 *(.vectors)
 *(.boot_data)
 .boot_data     0x03800000       0x20 C:\Program Files (x86)\VEX Robotics\VEXcode\sdk/vexv5\libv5rt.a(v5_startup.c.obj)
                0x03800000                vexCodeSig
                0x00000020                . = 0x20
 *(.boot)
 .boot          0x03800020       0xbc C:\Program Files (x86)\VEX Robotics\VEXcode\sdk/vexv5\libv5rt.a(v5_startup.c.obj)
                0x03800020                vexStartup
                0x03800100                . = ALIGN (0x40)
 *fill*         0x038000dc       0x24 
 *(.freertos_vectors)
 *(.text)
 *(.text.*)
 .text._Z7aut_ygoffi
                0x03800100      0x504 build/src/main.o
                0x03800100                aut_ygo(float, float, int)
 *fill*         0x03800604        0x4 
 .text._Z9aut_punchv
                0x03800608       0x88 build/src/main.o
                0x03800608                aut_punch()
 .text._Z10aut_finishv
                0x03800690       0x8c build/src/main.o
                0x03800690                aut_finish()
 .text._Z8aut_tygoffi
                0x0380071c      0x480 build/src/main.o
                0x0380071c                aut_tygo(float, float, int)
 *fill*         0x03800b9c        0x4 
 .text._Z8aut_xxgoffi
                0x03800ba0      0x544 build/src/main.o
                0x03800ba0                aut_xxgo(float, float, int)
 .text._Z13autoTurnRightffi
                0x038010e4      0x388 build/src/main.o
                0x038010e4                autoTurnRight(float, float, int)
 .text._Z12autoTurnLeftffi
                0x0380146c      0x388 build/src/main.o
                0x0380146c                autoTurnLeft(float, float, int)
 .text._Z10autonomousv
                0x038017f4        0x4 build/src/main.o
                0x038017f4                autonomous()
 .text._Z11usercontrolv
                0x038017f8      0xdf8 build/src/main.o
                0x038017f8                usercontrol()
 .text.main     0x038025f0       0x3c build/src/main.o
                0x038025f0                main
 .text._GLOBAL__sub_I_main.cpp
                0x0380262c      0x2d8 build/src/main.o
 .text.vexMain  0x03802904       0xb0 C:\Program Files (x86)\VEX Robotics\VEXcode\sdk/vexv5\libv5rt.a(v5_startup.c.obj)
                0x03802904                vexMain
 .text.__vex_function_prolog
                0x038029b4       0x18 C:\Program Files (x86)\VEX Robotics\VEXcode\sdk/vexv5\libv5rt.a(v5_startup.c.obj)
                0x038029b4                __vex_function_prolog
 .text._init    0x038029cc        0x4 C:\Program Files (x86)\VEX Robotics\VEXcode\sdk/vexv5\libv5rt.a(v5_startup.c.obj)
                0x038029cc                _init
 .text._fini    0x038029d0        0x4 C:\Program Files (x86)\VEX Robotics\VEXcode\sdk/vexv5\libv5rt.a(v5_startup.c.obj)
                0x038029d0                _fini
 .text.vexStdlibVersionLinked
                0x038029d4        0xc C:\Program Files (x86)\VEX Robotics\VEXcode\sdk/vexv5\libv5rt.a(v5_util.c.obj)
                0x038029d4                vexStdlibVersionLinked
 .text.vexStdlibVersionVerify
                0x038029e0       0x30 C:\Program Files (x86)\VEX Robotics\VEXcode\sdk/vexv5\libv5rt.a(v5_util.c.obj)
                0x038029e0                vexStdlibVersionVerify
 .text.vexPrivateApiEnable
                0x03802a10       0x10 C:\Program Files (x86)\VEX Robotics\VEXcode\sdk/vexv5\libv5rt.a(v5_apijump.c.obj)
                0x03802a10                vexPrivateApiEnable
 .text.vexStdlibMismatchError
                0x03802a20       0x3c C:\Program Files (x86)\VEX Robotics\VEXcode\sdk/vexv5\libv5rt.a(v5_apijump.c.obj)
                0x03802a20                vexStdlibMismatchError
 .text.vexTaskAdd
                0x03802a5c       0x10 C:\Program Files (x86)\VEX Robotics\VEXcode\sdk/vexv5\libv5rt.a(v5_apijump.c.obj)
                0x03802a5c                vexTaskAdd
 .text.vexTaskStop
                0x03802a6c       0x10 C:\Program Files (x86)\VEX Robotics\VEXcode\sdk/vexv5\libv5rt.a(v5_apijump.c.obj)
                0x03802a6c                vexTaskStop
 .text.vexTasksRun
                0x03802a7c       0x10 C:\Program Files (x86)\VEX Robotics\VEXcode\sdk/vexv5\libv5rt.a(v5_apijump.c.obj)
                0x03802a7c                vexTasksRun
 .text.vexTaskYield
                0x03802a8c       0x10 C:\Program Files (x86)\VEX Robotics\VEXcode\sdk/vexv5\libv5rt.a(v5_apijump.c.obj)
                0x03802a8c                vexTaskYield
 .text.vexTaskCheckTimeslice
                0x03802a9c       0x10 C:\Program Files (x86)\VEX Robotics\VEXcode\sdk/vexv5\libv5rt.a(v5_apijump.c.obj)
                0x03802a9c                vexTaskCheckTimeslice
 .text.vexTaskSleep
                0x03802aac       0x10 C:\Program Files (x86)\VEX Robotics\VEXcode\sdk/vexv5\libv5rt.a(v5_apijump.c.obj)
                0x03802aac                vexTaskSleep
 .text.vexTasksDump
                0x03802abc       0x1c C:\Program Files (x86)\VEX Robotics\VEXcode\sdk/vexv5\libv5rt.a(v5_apijump.c.obj)
                0x03802abc                vexTasksDump
 .text.vexTaskGetTaskIndex
                0x03802ad8       0x10 C:\Program Files (x86)\VEX Robotics\VEXcode\sdk/vexv5\libv5rt.a(v5_apijump.c.obj)
                0x03802ad8                vexTaskGetTaskIndex
 .text.vexTaskStopAll
                0x03802ae8       0x10 C:\Program Files (x86)\VEX Robotics\VEXcode\sdk/vexv5\libv5rt.a(v5_apijump.c.obj)
                0x03802ae8                vexTaskStopAll
 .text.vexTaskRemoveAllUser
                0x03802af8       0x34 C:\Program Files (x86)\VEX Robotics\VEXcode\sdk/vexv5\libv5rt.a(v5_apijump.c.obj)
                0x03802af8                vexTaskRemoveAllUser
 .text.vexTaskCompletionIdSet
                0x03802b2c       0x10 C:\Program Files (x86)\VEX Robotics\VEXcode\sdk/vexv5\libv5rt.a(v5_apijump.c.obj)
                0x03802b2c                vexTaskCompletionIdSet
 .text.vexCriticalSection
                0x03802b3c       0x2c C:\Program Files (x86)\VEX Robotics\VEXcode\sdk/vexv5\libv5rt.a(v5_apijump.c.obj)
                0x03802b3c                vexCriticalSection
 .text.vexEventAdd
                0x03802b68       0x34 C:\Program Files (x86)\VEX Robotics\VEXcode\sdk/vexv5\libv5rt.a(v5_apijump.c.obj)
                0x03802b68                vexEventAdd
 .text.vexEventUserIndexGet
                0x03802b9c       0x1c C:\Program Files (x86)\VEX Robotics\VEXcode\sdk/vexv5\libv5rt.a(v5_apijump.c.obj)
                0x03802b9c                vexEventUserIndexGet
 .text.vexEventAddWithArg
                0x03802bb8       0x3c C:\Program Files (x86)\VEX Robotics\VEXcode\sdk/vexv5\libv5rt.a(v5_apijump.c.obj)
                0x03802bb8                vexEventAddWithArg
 .text.vexEventsCleanup
                0x03802bf4       0x2c C:\Program Files (x86)\VEX Robotics\VEXcode\sdk/vexv5\libv5rt.a(v5_apijump.c.obj)
                0x03802bf4                vexEventsCleanup
 .text.vexDebug
                0x03802c20       0x38 C:\Program Files (x86)\VEX Robotics\VEXcode\sdk/vexv5\libv5rt.a(v5_apijump.c.obj)
                0x03802c20                vexDebug
 .text.vex_sprintf
                0x03802c58       0x40 C:\Program Files (x86)\VEX Robotics\VEXcode\sdk/vexv5\libv5rt.a(v5_apijump.c.obj)
                0x03802c58                vex_sprintf
 .text.vex_vsnprintf
                0x03802c98       0x3c C:\Program Files (x86)\VEX Robotics\VEXcode\sdk/vexv5\libv5rt.a(v5_apijump.c.obj)
                0x03802c98                vex_vsnprintf
 .text.vexSystemTimeGet
                0x03802cd4       0x1c C:\Program Files (x86)\VEX Robotics\VEXcode\sdk/vexv5\libv5rt.a(v5_apijump.c.obj)
                0x03802cd4                vexSystemTimeGet
 .text.vexSystemExitRequest
                0x03802cf0       0x1c C:\Program Files (x86)\VEX Robotics\VEXcode\sdk/vexv5\libv5rt.a(v5_apijump.c.obj)
                0x03802cf0                vexSystemExitRequest
 .text.vexDeviceGetByIndex
                0x03802d0c       0x24 C:\Program Files (x86)\VEX Robotics\VEXcode\sdk/vexv5\libv5rt.a(v5_apijump.c.obj)
                0x03802d0c                vexDeviceGetByIndex
 .text.vexControllerGet
                0x03802d30       0x2c C:\Program Files (x86)\VEX Robotics\VEXcode\sdk/vexv5\libv5rt.a(v5_apijump.c.obj)
                0x03802d30                vexControllerGet
 .text.vexDeviceAdiPortConfigSet
                0x03802d5c       0x34 C:\Program Files (x86)\VEX Robotics\VEXcode\sdk/vexv5\libv5rt.a(v5_apijump.c.obj)
                0x03802d5c                vexDeviceAdiPortConfigSet
 .text.vexDeviceAdiPortConfigGet
                0x03802d90       0x2c C:\Program Files (x86)\VEX Robotics\VEXcode\sdk/vexv5\libv5rt.a(v5_apijump.c.obj)
                0x03802d90                vexDeviceAdiPortConfigGet
 .text.vexDeviceAdiValueGet
                0x03802dbc       0x2c C:\Program Files (x86)\VEX Robotics\VEXcode\sdk/vexv5\libv5rt.a(v5_apijump.c.obj)
                0x03802dbc                vexDeviceAdiValueGet
 .text.vexDeviceMotorVelocitySet
                0x03802de8       0x2c C:\Program Files (x86)\VEX Robotics\VEXcode\sdk/vexv5\libv5rt.a(v5_apijump.c.obj)
                0x03802de8                vexDeviceMotorVelocitySet
 .text.vexDeviceMotorActualVelocityGet
                0x03802e14       0x24 C:\Program Files (x86)\VEX Robotics\VEXcode\sdk/vexv5\libv5rt.a(v5_apijump.c.obj)
                0x03802e14                vexDeviceMotorActualVelocityGet
 .text.vexDeviceMotorReverseFlagSet
                0x03802e38       0x2c C:\Program Files (x86)\VEX Robotics\VEXcode\sdk/vexv5\libv5rt.a(v5_apijump.c.obj)
                0x03802e38                vexDeviceMotorReverseFlagSet
 .text.vexDeviceMotorEncoderUnitsSet
                0x03802e64       0x2c C:\Program Files (x86)\VEX Robotics\VEXcode\sdk/vexv5\libv5rt.a(v5_apijump.c.obj)
                0x03802e64                vexDeviceMotorEncoderUnitsSet
 .text.vexDeviceMotorBrakeModeSet
                0x03802e90       0x2c C:\Program Files (x86)\VEX Robotics\VEXcode\sdk/vexv5\libv5rt.a(v5_apijump.c.obj)
                0x03802e90                vexDeviceMotorBrakeModeSet
 .text.vexDeviceMotorPositionSet
                0x03802ebc       0x34 C:\Program Files (x86)\VEX Robotics\VEXcode\sdk/vexv5\libv5rt.a(v5_apijump.c.obj)
                0x03802ebc                vexDeviceMotorPositionSet
 .text.vexDeviceMotorPositionGet
                0x03802ef0       0x24 C:\Program Files (x86)\VEX Robotics\VEXcode\sdk/vexv5\libv5rt.a(v5_apijump.c.obj)
                0x03802ef0                vexDeviceMotorPositionGet
 .text.vexDeviceMotorGearingSet
                0x03802f14       0x2c C:\Program Files (x86)\VEX Robotics\VEXcode\sdk/vexv5\libv5rt.a(v5_apijump.c.obj)
                0x03802f14                vexDeviceMotorGearingSet
 .text.vexDeviceMotorGearingGet
                0x03802f40       0x24 C:\Program Files (x86)\VEX Robotics\VEXcode\sdk/vexv5\libv5rt.a(v5_apijump.c.obj)
                0x03802f40                vexDeviceMotorGearingGet
 .text.vexDisplayForegroundColor
                0x03802f64       0x24 C:\Program Files (x86)\VEX Robotics\VEXcode\sdk/vexv5\libv5rt.a(v5_apijump.c.obj)
                0x03802f64                vexDisplayForegroundColor
 .text.vexDisplayBackgroundColor
                0x03802f88       0x24 C:\Program Files (x86)\VEX Robotics\VEXcode\sdk/vexv5\libv5rt.a(v5_apijump.c.obj)
                0x03802f88                vexDisplayBackgroundColor
 .text.vexDisplayPrintf
                0x03802fac       0x68 C:\Program Files (x86)\VEX Robotics\VEXcode\sdk/vexv5\libv5rt.a(v5_apijump.c.obj)
                0x03802fac                vexDisplayPrintf
 .text.vexDisplayTextReference
                0x03803014       0x24 C:\Program Files (x86)\VEX Robotics\VEXcode\sdk/vexv5\libv5rt.a(v5_apijump.c.obj)
                0x03803014                vexDisplayTextReference
 .text.vexDisplayTextSize
                0x03803038       0x2c C:\Program Files (x86)\VEX Robotics\VEXcode\sdk/vexv5\libv5rt.a(v5_apijump.c.obj)
                0x03803038                vexDisplayTextSize
 .text.vexDisplayFontNamedSet
                0x03803064       0x24 C:\Program Files (x86)\VEX Robotics\VEXcode\sdk/vexv5\libv5rt.a(v5_apijump.c.obj)
                0x03803064                vexDisplayFontNamedSet
 .text.vexDisplayStringWidthGet
                0x03803088       0x24 C:\Program Files (x86)\VEX Robotics\VEXcode\sdk/vexv5\libv5rt.a(v5_apijump.c.obj)
                0x03803088                vexDisplayStringWidthGet
 .text.vexSystemStdlibImpureDataAddr
                0x038030ac       0x28 C:\Program Files (x86)\VEX Robotics\VEXcode\sdk/vexv5\libv5rt.a(v5_apijump.c.obj)
                0x038030ac                vexSystemStdlibImpureDataAddr
 .text.vexSystemStdlibImpureDataSize
                0x038030d4       0x28 C:\Program Files (x86)\VEX Robotics\VEXcode\sdk/vexv5\libv5rt.a(v5_apijump.c.obj)
                0x038030d4                vexSystemStdlibImpureDataSize
 .text.vexSystemSaveUserData
                0x038030fc       0x3c C:\Program Files (x86)\VEX Robotics\VEXcode\sdk/vexv5\libv5rt.a(v5_apijump.c.obj)
                0x038030fc                vexSystemSaveUserData
 .text.vexDisplayThemeIdGet
                0x03803138       0x38 C:\Program Files (x86)\VEX Robotics\VEXcode\sdk/vexv5\libv5rt.a(v5_apijump.c.obj)
                0x03803138                vexDisplayThemeIdGet
 .text.vexDeviceEventMaskSet
                0x03803170       0x48 C:\Program Files (x86)\VEX Robotics\VEXcode\sdk/vexv5\libv5rt.a(v5_apijump.c.obj)
                0x03803170                vexDeviceEventMaskSet
 .text.vexDeviceEventMaskGet
                0x038031b8       0x3c C:\Program Files (x86)\VEX Robotics\VEXcode\sdk/vexv5\libv5rt.a(v5_apijump.c.obj)
                0x038031b8                vexDeviceEventMaskGet
 .text.vexSystemVersion
                0x038031f4       0x10 C:\Program Files (x86)\VEX Robotics\VEXcode\sdk/vexv5\libv5rt.a(v5_apiversions.c.obj)
                0x038031f4                vexSystemVersion
 .text.vexStdlibVersion
                0x03803204       0x10 C:\Program Files (x86)\VEX Robotics\VEXcode\sdk/vexv5\libv5rt.a(v5_apiversions.c.obj)
                0x03803204                vexStdlibVersion
 .text._ZN3vex5motor9installedEv
                0x03803214       0x18 C:\Program Files (x86)\VEX Robotics\VEXcode\sdk/vexv5\libv5rt.a(vex_motor.cpp.obj)
                0x03803214                vex::motor::installed()
 .text._ZN3vex5motorD2Ev
                0x0380322c       0x20 C:\Program Files (x86)\VEX Robotics\VEXcode\sdk/vexv5\libv5rt.a(vex_motor.cpp.obj)
                0x0380322c                vex::motor::~motor()
                0x0380322c                vex::motor::~motor()
 .text._ZN3vex5motor15defaultStoppingENS_9brakeTypeE
                0x0380324c       0x30 C:\Program Files (x86)\VEX Robotics\VEXcode\sdk/vexv5\libv5rt.a(vex_motor.cpp.obj)
                0x0380324c                vex::motor::defaultStopping(vex::brakeType)
 .text._ZN3vex5motorC2El
                0x0380327c       0x70 C:\Program Files (x86)\VEX Robotics\VEXcode\sdk/vexv5\libv5rt.a(vex_motor.cpp.obj)
                0x0380327c                vex::motor::motor(long)
                0x0380327c                vex::motor::motor(long)
 .text._ZN3vex5motorC2ElNS_11gearSettingEb
                0x038032ec       0x34 C:\Program Files (x86)\VEX Robotics\VEXcode\sdk/vexv5\libv5rt.a(vex_motor.cpp.obj)
                0x038032ec                vex::motor::motor(long, vex::gearSetting, bool)
                0x038032ec                vex::motor::motor(long, vex::gearSetting, bool)
 .text._ZN3vex5motor4stopENS_9brakeTypeE
                0x03803320       0x30 C:\Program Files (x86)\VEX Robotics\VEXcode\sdk/vexv5\libv5rt.a(vex_motor.cpp.obj)
                0x03803320                vex::motor::stop(vex::brakeType)
 .text._ZN3vex5motor16velocityToScaledEdNS_13velocityUnitsE
                0x03803350       0x5c C:\Program Files (x86)\VEX Robotics\VEXcode\sdk/vexv5\libv5rt.a(vex_motor.cpp.obj)
                0x03803350                vex::motor::velocityToScaled(double, vex::velocityUnits)
 .text._ZN3vex5motor8velocityENS_13velocityUnitsE
                0x038033ac       0x30 C:\Program Files (x86)\VEX Robotics\VEXcode\sdk/vexv5\libv5rt.a(vex_motor.cpp.obj)
                0x038033ac                vex::motor::velocity(vex::velocityUnits)
 .text._ZN3vex5motor5valueEv
                0x038033dc       0x1c C:\Program Files (x86)\VEX Robotics\VEXcode\sdk/vexv5\libv5rt.a(vex_motor.cpp.obj)
                0x038033dc                vex::motor::value()
 .text._ZN3vex5motor16scaledToVelocityEdNS_13velocityUnitsE
                0x038033f8       0xa4 C:\Program Files (x86)\VEX Robotics\VEXcode\sdk/vexv5\libv5rt.a(vex_motor.cpp.obj)
                0x038033f8                vex::motor::scaledToVelocity(double, vex::velocityUnits)
 .text._ZN3vex5motor4spinENS_13directionTypeEdNS_13velocityUnitsE
                0x0380349c       0x5c C:\Program Files (x86)\VEX Robotics\VEXcode\sdk/vexv5\libv5rt.a(vex_motor.cpp.obj)
                0x0380349c                vex::motor::spin(vex::directionType, double, vex::velocityUnits)
 .text._ZN3vex5motor16setRotationUnitsENS_13rotationUnitsE
                0x038034f8       0x1c C:\Program Files (x86)\VEX Robotics\VEXcode\sdk/vexv5\libv5rt.a(vex_motor.cpp.obj)
                0x038034f8                vex::motor::setRotationUnits(vex::rotationUnits)
 .text._ZN3vex5motor11setRotationEdNS_13rotationUnitsE
                0x03803514       0x44 C:\Program Files (x86)\VEX Robotics\VEXcode\sdk/vexv5\libv5rt.a(vex_motor.cpp.obj)
                0x03803514                vex::motor::setRotation(double, vex::rotationUnits)
 .text._ZN3vex5motor13resetRotationEv
                0x03803558       0x20 C:\Program Files (x86)\VEX Robotics\VEXcode\sdk/vexv5\libv5rt.a(vex_motor.cpp.obj)
                0x03803558                vex::motor::resetRotation()
 .text._ZN3vex5motor8rotationENS_13rotationUnitsE
                0x03803578       0x44 C:\Program Files (x86)\VEX Robotics\VEXcode\sdk/vexv5\libv5rt.a(vex_motor.cpp.obj)
                0x03803578                vex::motor::rotation(vex::rotationUnits)
 .text.startup._GLOBAL__sub_I__ZN3vex5motorC2El
                0x038035bc       0x30 C:\Program Files (x86)\VEX Robotics\VEXcode\sdk/vexv5\libv5rt.a(vex_motor.cpp.obj)
 .text._ZN3vex10controllerD2Ev
                0x038035ec        0x4 C:\Program Files (x86)\VEX Robotics\VEXcode\sdk/vexv5\libv5rt.a(vex_controller.cpp.obj)
                0x038035ec                vex::controller::~controller()
                0x038035ec                vex::controller::~controller()
 .text._ZN3vex10controller5valueE19_V5_ControllerIndex
                0x038035f0        0x8 C:\Program Files (x86)\VEX Robotics\VEXcode\sdk/vexv5\libv5rt.a(vex_controller.cpp.obj)
                0x038035f0                vex::controller::value(_V5_ControllerIndex)
 .text._ZN3vex10controller6button8pressingEv
                0x038035f8       0xc8 C:\Program Files (x86)\VEX Robotics\VEXcode\sdk/vexv5\libv5rt.a(vex_controller.cpp.obj)
                0x038035f8                vex::controller::button::pressing()
 .text._ZN3vex10controller6button21_buttonToPressedEventEv
                0x038036c0       0x20 C:\Program Files (x86)\VEX Robotics\VEXcode\sdk/vexv5\libv5rt.a(vex_controller.cpp.obj)
                0x038036c0                vex::controller::button::_buttonToPressedEvent()
 .text._ZN3vex10controller6button22_buttonToReleasedEventEv
                0x038036e0       0x20 C:\Program Files (x86)\VEX Robotics\VEXcode\sdk/vexv5\libv5rt.a(vex_controller.cpp.obj)
                0x038036e0                vex::controller::button::_buttonToReleasedEvent()
 .text._ZN3vex10controller6buttonC2ENS0_11tButtonTypeEPS0_
                0x03803700       0x48 C:\Program Files (x86)\VEX Robotics\VEXcode\sdk/vexv5\libv5rt.a(vex_controller.cpp.obj)
                0x03803700                vex::controller::button::button(vex::controller::tButtonType, vex::controller*)
                0x03803700                vex::controller::button::button(vex::controller::tButtonType, vex::controller*)
 .text._ZN3vex10controller4axis5valueEv
                0x03803748       0x58 C:\Program Files (x86)\VEX Robotics\VEXcode\sdk/vexv5\libv5rt.a(vex_controller.cpp.obj)
                0x03803748                vex::controller::axis::value()
 .text._ZN3vex10controller4axis8positionENS_12percentUnitsE
                0x038037a0       0x1c C:\Program Files (x86)\VEX Robotics\VEXcode\sdk/vexv5\libv5rt.a(vex_controller.cpp.obj)
                0x038037a0                vex::controller::axis::position(vex::percentUnits)
 .text._ZN3vex10controller4axis23_joystickToChangedEventEv
                0x038037bc       0x20 C:\Program Files (x86)\VEX Robotics\VEXcode\sdk/vexv5\libv5rt.a(vex_controller.cpp.obj)
                0x038037bc                vex::controller::axis::_joystickToChangedEvent()
 .text._ZN3vex10controller4axisC2ENS0_9tAxisTypeEPS0_
                0x038037dc       0x2c C:\Program Files (x86)\VEX Robotics\VEXcode\sdk/vexv5\libv5rt.a(vex_controller.cpp.obj)
                0x038037dc                vex::controller::axis::axis(vex::controller::tAxisType, vex::controller*)
                0x038037dc                vex::controller::axis::axis(vex::controller::tAxisType, vex::controller*)
 .text._ZN3vex10controllerC2Ev
                0x03803808      0x204 C:\Program Files (x86)\VEX Robotics\VEXcode\sdk/vexv5\libv5rt.a(vex_controller.cpp.obj)
                0x03803808                vex::controller::controller()
                0x03803808                vex::controller::controller()
 .text._ZN3vex4taskC2EPFivE
                0x03803a0c       0x54 C:\Program Files (x86)\VEX Robotics\VEXcode\sdk/vexv5\libv5rt.a(vex_task.cpp.obj)
                0x03803a0c                vex::task::task(int (*)())
                0x03803a0c                vex::task::task(int (*)())
 .text._ZN3vex4taskD2Ev
                0x03803a60        0x4 C:\Program Files (x86)\VEX Robotics\VEXcode\sdk/vexv5\libv5rt.a(vex_task.cpp.obj)
                0x03803a60                vex::task::~task()
                0x03803a60                vex::task::~task()
 .text._ZN3vex4task4stopEPFivE
                0x03803a64        0xc C:\Program Files (x86)\VEX Robotics\VEXcode\sdk/vexv5\libv5rt.a(vex_task.cpp.obj)
                0x03803a64                vex::task::stop(int (*)())
 .text._ZN3vex4task5sleepEm
                0x03803a70        0x4 C:\Program Files (x86)\VEX Robotics\VEXcode\sdk/vexv5\libv5rt.a(vex_task.cpp.obj)
                0x03803a70                vex::task::sleep(unsigned long)
 .text._ZN3vex4task6_indexEPFivE
                0x03803a74       0x14 C:\Program Files (x86)\VEX Robotics\VEXcode\sdk/vexv5\libv5rt.a(vex_task.cpp.obj)
                0x03803a74                vex::task::_index(int (*)())
 .text._ZN3vex4task8_stopAllEv
                0x03803a88       0x3c C:\Program Files (x86)\VEX Robotics\VEXcode\sdk/vexv5\libv5rt.a(vex_task.cpp.obj)
                0x03803a88                vex::task::_stopAll()
 .text._ZN3vex5event4initEmmPFvvE
                0x03803ac4        0x4 C:\Program Files (x86)\VEX Robotics\VEXcode\sdk/vexv5\libv5rt.a(vex_event.cpp.obj)
                0x03803ac4                vex::event::init(unsigned long, unsigned long, void (*)())
 .text._ZN3vex5event4initEmmPFvPvES1_
                0x03803ac8        0x4 C:\Program Files (x86)\VEX Robotics\VEXcode\sdk/vexv5\libv5rt.a(vex_event.cpp.obj)
                0x03803ac8                vex::event::init(unsigned long, unsigned long, void (*)(void*), void*)
 .text._ZN3vex5event9userindexEv
                0x03803acc        0x4 C:\Program Files (x86)\VEX Robotics\VEXcode\sdk/vexv5\libv5rt.a(vex_event.cpp.obj)
                0x03803acc                vex::event::userindex()
 .text._ZZN3vex6meventC4EmmENUlvE_4_FUNEv
                0x03803ad0        0x4 C:\Program Files (x86)\VEX Robotics\VEXcode\sdk/vexv5\libv5rt.a(vex_mevent.cpp.obj)
 .text._ZN3vex6meventC2Emm
                0x03803ad4       0x70 C:\Program Files (x86)\VEX Robotics\VEXcode\sdk/vexv5\libv5rt.a(vex_mevent.cpp.obj)
                0x03803ad4                vex::mevent::mevent(unsigned long, unsigned long)
                0x03803ad4                vex::mevent::mevent(unsigned long, unsigned long)
 .text._ZN3vex5brainD2Ev
                0x03803b44       0x20 C:\Program Files (x86)\VEX Robotics\VEXcode\sdk/vexv5\libv5rt.a(vex_brain.cpp.obj)
                0x03803b44                vex::brain::~brain()
                0x03803b44                vex::brain::~brain()
 .text._ZN3vex5brain9_getIndexEv
                0x03803b64       0x10 C:\Program Files (x86)\VEX Robotics\VEXcode\sdk/vexv5\libv5rt.a(vex_brain.cpp.obj)
                0x03803b64                vex::brain::_getIndex()
 .text._ZN3vex5brain5timerENS_9timeUnitsE
                0x03803b74        0x4 C:\Program Files (x86)\VEX Robotics\VEXcode\sdk/vexv5\libv5rt.a(vex_brain.cpp.obj)
                0x03803b74                vex::brain::timer(vex::timeUnits)
 .text._ZN3vex5brain10resetTimerEv
                0x03803b78        0x4 C:\Program Files (x86)\VEX Robotics\VEXcode\sdk/vexv5\libv5rt.a(vex_brain.cpp.obj)
                0x03803b78                vex::brain::resetTimer()
 .text._ZN3vex5brain3lcd9setCursorEll
                0x03803b7c       0x44 C:\Program Files (x86)\VEX Robotics\VEXcode\sdk/vexv5\libv5rt.a(vex_brain.cpp.obj)
                0x03803b7c                vex::brain::lcd::setCursor(long, long)
 .text._ZN3vex5brain3lcd7setFontENS_8fontTypeE
                0x03803bc0      0x228 C:\Program Files (x86)\VEX Robotics\VEXcode\sdk/vexv5\libv5rt.a(vex_brain.cpp.obj)
                0x03803bc0                vex::brain::lcd::setFont(vex::fontType)
 .text._ZN3vex5brain3lcdC2Ev
                0x03803de8       0x94 C:\Program Files (x86)\VEX Robotics\VEXcode\sdk/vexv5\libv5rt.a(vex_brain.cpp.obj)
                0x03803de8                vex::brain::lcd::lcd()
                0x03803de8                vex::brain::lcd::lcd()
 .text._ZN3vex5brainC2Ev
                0x03803e7c       0x40 C:\Program Files (x86)\VEX Robotics\VEXcode\sdk/vexv5\libv5rt.a(vex_brain.cpp.obj)
                0x03803e7c                vex::brain::brain()
                0x03803e7c                vex::brain::brain()
 .text._ZN3vex5brain3lcd10rowToPixelEl
                0x03803ebc       0x34 C:\Program Files (x86)\VEX Robotics\VEXcode\sdk/vexv5\libv5rt.a(vex_brain.cpp.obj)
                0x03803ebc                vex::brain::lcd::rowToPixel(long)
 .text._ZN3vex5brain3lcd10colToPixelEl
                0x03803ef0       0x1c C:\Program Files (x86)\VEX Robotics\VEXcode\sdk/vexv5\libv5rt.a(vex_brain.cpp.obj)
                0x03803ef0                vex::brain::lcd::colToPixel(long)
 .text._ZN3vex5brain3lcd5printEPKcz
                0x03803f0c       0xa0 C:\Program Files (x86)\VEX Robotics\VEXcode\sdk/vexv5\libv5rt.a(vex_brain.cpp.obj)
                0x03803f0c                vex::brain::lcd::print(char const*, ...)
 .text._ZN3vex11competition8_disableEPv
                0x03803fac       0x9c C:\Program Files (x86)\VEX Robotics\VEXcode\sdk/vexv5\libv5rt.a(vex_competition.cpp.obj)
                0x03803fac                vex::competition::_disable(void*)
 .text._ZN3vex11competition11_autonomousEv
                0x03804048       0x7c C:\Program Files (x86)\VEX Robotics\VEXcode\sdk/vexv5\libv5rt.a(vex_competition.cpp.obj)
                0x03804048                vex::competition::_autonomous()
 .text._ZN3vex11competition14_drivercontrolEv
                0x038040c4       0x7c C:\Program Files (x86)\VEX Robotics\VEXcode\sdk/vexv5\libv5rt.a(vex_competition.cpp.obj)
                0x038040c4                vex::competition::_drivercontrol()
 .text._ZN3vex11competitionC2Ev
                0x03804140      0x13c C:\Program Files (x86)\VEX Robotics\VEXcode\sdk/vexv5\libv5rt.a(vex_competition.cpp.obj)
                0x03804140                vex::competition::competition()
                0x03804140                vex::competition::competition()
 .text._ZN3vex11competitionD2Ev
                0x0380427c        0x4 C:\Program Files (x86)\VEX Robotics\VEXcode\sdk/vexv5\libv5rt.a(vex_competition.cpp.obj)
                0x0380427c                vex::competition::~competition()
                0x0380427c                vex::competition::~competition()
 .text._ZN3vex11competition10autonomousEPFvvE
                0x03804280       0x44 C:\Program Files (x86)\VEX Robotics\VEXcode\sdk/vexv5\libv5rt.a(vex_competition.cpp.obj)
                0x03804280                vex::competition::autonomous(void (*)())
 .text._ZN3vex11competition13drivercontrolEPFvvE
                0x038042c4       0x44 C:\Program Files (x86)\VEX Robotics\VEXcode\sdk/vexv5\libv5rt.a(vex_competition.cpp.obj)
                0x038042c4                vex::competition::drivercontrol(void (*)())
 .text._ZN3vex7triport9installedEv
                0x03804308       0x18 C:\Program Files (x86)\VEX Robotics\VEXcode\sdk/vexv5\libv5rt.a(vex_triport.cpp.obj)
                0x03804308                vex::triport::installed()
 .text._ZN3vex7triportD2Ev
                0x03804320       0x38 C:\Program Files (x86)\VEX Robotics\VEXcode\sdk/vexv5\libv5rt.a(vex_triport.cpp.obj)
                0x03804320                vex::triport::~triport()
                0x03804320                vex::triport::~triport()
 .text._ZN3vex7triport4portC2ElPS0_
                0x03804358       0x90 C:\Program Files (x86)\VEX Robotics\VEXcode\sdk/vexv5\libv5rt.a(vex_triport.cpp.obj)
                0x03804358                vex::triport::port::port(long, vex::triport*)
                0x03804358                vex::triport::port::port(long, vex::triport*)
 .text._ZN3vex7triportC2El
                0x038043e8       0xf0 C:\Program Files (x86)\VEX Robotics\VEXcode\sdk/vexv5\libv5rt.a(vex_triport.cpp.obj)
                0x038043e8                vex::triport::triport(long)
                0x038043e8                vex::triport::triport(long)
 .text._ZN3vex7triport4port4typeENS_11triportTypeE
                0x038044d8       0x34 C:\Program Files (x86)\VEX Robotics\VEXcode\sdk/vexv5\libv5rt.a(vex_triport.cpp.obj)
                0x038044d8                vex::triport::port::type(vex::triportType)
 .text._ZN3vex7triport4port4typeEv
                0x0380450c       0x38 C:\Program Files (x86)\VEX Robotics\VEXcode\sdk/vexv5\libv5rt.a(vex_triport.cpp.obj)
                0x0380450c                vex::triport::port::type()
 .text._ZN3vex7triport4port5valueEv
                0x03804544       0x14 C:\Program Files (x86)\VEX Robotics\VEXcode\sdk/vexv5\libv5rt.a(vex_triport.cpp.obj)
                0x03804544                vex::triport::port::value()
 .text._ZN3vex7triport4port14_convertAnalogENS_11analogUnitsE
                0x03804558       0x58 C:\Program Files (x86)\VEX Robotics\VEXcode\sdk/vexv5\libv5rt.a(vex_triport.cpp.obj)
                0x03804558                vex::triport::port::_convertAnalog(vex::analogUnits)
 .text._ZN3vex11__trideviceC2ERNS_7triport4portENS_11triportTypeE
                0x038045b0       0x5c C:\Program Files (x86)\VEX Robotics\VEXcode\sdk/vexv5\libv5rt.a(vex_triport.cpp.obj)
                0x038045b0                vex::__tridevice::__tridevice(vex::triport::port&, vex::triportType)
                0x038045b0                vex::__tridevice::__tridevice(vex::triport::port&, vex::triportType)
 .text._ZN3vex11__tridevice14_convertAnalogENS_11analogUnitsE
                0x0380460c        0x8 C:\Program Files (x86)\VEX Robotics\VEXcode\sdk/vexv5\libv5rt.a(vex_triport.cpp.obj)
                0x0380460c                vex::__tridevice::_convertAnalog(vex::analogUnits)
 .text._ZN3vex5limitC2ERNS_7triport4portE
                0x03804614       0x28 C:\Program Files (x86)\VEX Robotics\VEXcode\sdk/vexv5\libv5rt.a(vex_triport.cpp.obj)
                0x03804614                vex::limit::limit(vex::triport::port&)
                0x03804614                vex::limit::limit(vex::triport::port&)
 .text._ZN3vex5limitD2Ev
                0x0380463c        0x4 C:\Program Files (x86)\VEX Robotics\VEXcode\sdk/vexv5\libv5rt.a(vex_triport.cpp.obj)
                0x0380463c                vex::limit::~limit()
                0x0380463c                vex::limit::~limit()
 .text._ZN3vex5limit5valueEv
                0x03804640        0x8 C:\Program Files (x86)\VEX Robotics\VEXcode\sdk/vexv5\libv5rt.a(vex_triport.cpp.obj)
                0x03804640                vex::limit::value()
 .text._ZN3vex6bumperC2ERNS_7triport4portE
                0x03804648       0x28 C:\Program Files (x86)\VEX Robotics\VEXcode\sdk/vexv5\libv5rt.a(vex_triport.cpp.obj)
                0x03804648                vex::bumper::bumper(vex::triport::port&)
                0x03804648                vex::bumper::bumper(vex::triport::port&)
 .text._ZN3vex6bumperD2Ev
                0x03804670        0x4 C:\Program Files (x86)\VEX Robotics\VEXcode\sdk/vexv5\libv5rt.a(vex_triport.cpp.obj)
                0x03804670                vex::bumper::~bumper()
                0x03804670                vex::bumper::~bumper()
 .text._ZN3vex6bumper5valueEv
                0x03804674        0x8 C:\Program Files (x86)\VEX Robotics\VEXcode\sdk/vexv5\libv5rt.a(vex_triport.cpp.obj)
                0x03804674                vex::bumper::value()
 .text._ZN3vex3potC2ERNS_7triport4portE
                0x0380467c       0x20 C:\Program Files (x86)\VEX Robotics\VEXcode\sdk/vexv5\libv5rt.a(vex_triport.cpp.obj)
                0x0380467c                vex::pot::pot(vex::triport::port&)
                0x0380467c                vex::pot::pot(vex::triport::port&)
 .text._ZN3vex3potD2Ev
                0x0380469c        0x4 C:\Program Files (x86)\VEX Robotics\VEXcode\sdk/vexv5\libv5rt.a(vex_triport.cpp.obj)
                0x0380469c                vex::pot::~pot()
                0x0380469c                vex::pot::~pot()
 .text._ZN3vex3pot5valueENS_13rotationUnitsE
                0x038046a0       0x60 C:\Program Files (x86)\VEX Robotics\VEXcode\sdk/vexv5\libv5rt.a(vex_triport.cpp.obj)
                0x038046a0                vex::pot::value(vex::rotationUnits)
 .text.startup._GLOBAL__sub_I__ZN3vex7triportC2El
                0x03804700       0x30 C:\Program Files (x86)\VEX Robotics\VEXcode\sdk/vexv5\libv5rt.a(vex_triport.cpp.obj)
 .text._ZN3vex5colorD2Ev
                0x03804730        0x4 C:\Program Files (x86)\VEX Robotics\VEXcode\sdk/vexv5\libv5rt.a(vex_color.cpp.obj)
                0x03804730                vex::color::~color()
                0x03804730                vex::color::~color()
 .text.startup._GLOBAL__sub_I__ZN3vex5color5blackE
                0x03804734      0x164 C:\Program Files (x86)\VEX Robotics\VEXcode\sdk/vexv5\libv5rt.a(vex_color.cpp.obj)
 .text._ZN3vex5timerD2Ev
                0x03804898        0x4 C:\Program Files (x86)\VEX Robotics\VEXcode\sdk/vexv5\libv5rt.a(vex_timer.cpp.obj)
                0x03804898                vex::timer::~timer()
                0x03804898                vex::timer::~timer()
 .text._ZN3vex5timer5clearEv
                0x0380489c       0x1c C:\Program Files (x86)\VEX Robotics\VEXcode\sdk/vexv5\libv5rt.a(vex_timer.cpp.obj)
                0x0380489c                vex::timer::clear()
 .text._ZN3vex5timerC2Ev
                0x038048b8       0x14 C:\Program Files (x86)\VEX Robotics\VEXcode\sdk/vexv5\libv5rt.a(vex_timer.cpp.obj)
                0x038048b8                vex::timer::timer()
                0x038048b8                vex::timer::timer()
 *fill*         0x038048cc        0x4 
 .text._ZNK3vex5timer4timeENS_9timeUnitsE
                0x038048d0       0x40 C:\Program Files (x86)\VEX Robotics\VEXcode\sdk/vexv5\libv5rt.a(vex_timer.cpp.obj)
                0x038048d0                vex::timer::time(vex::timeUnits) const
 .text.vexAdiPortConfigSet
                0x03804910       0x28 C:\Program Files (x86)\VEX Robotics\VEXcode\sdk/vexv5\libv5rt.a(v5_apiuser.c.obj)
                0x03804910                vexAdiPortConfigSet
 .text.vexAdiPortConfigGet
                0x03804938       0x28 C:\Program Files (x86)\VEX Robotics\VEXcode\sdk/vexv5\libv5rt.a(v5_apiuser.c.obj)
                0x03804938                vexAdiPortConfigGet
 .text.vexAdiValueGet
                0x03804960       0x20 C:\Program Files (x86)\VEX Robotics\VEXcode\sdk/vexv5\libv5rt.a(v5_apiuser.c.obj)
                0x03804960                vexAdiValueGet
 .text.vexMotorVelocitySet
                0x03804980       0x20 C:\Program Files (x86)\VEX Robotics\VEXcode\sdk/vexv5\libv5rt.a(v5_apiuser.c.obj)
                0x03804980                vexMotorVelocitySet
 .text.vexMotorActualVelocityGet
                0x038049a0       0x24 C:\Program Files (x86)\VEX Robotics\VEXcode\sdk/vexv5\libv5rt.a(v5_apiuser.c.obj)
                0x038049a0                vexMotorActualVelocityGet
 .text.vexMotorReverseFlagSet
                0x038049c4       0x20 C:\Program Files (x86)\VEX Robotics\VEXcode\sdk/vexv5\libv5rt.a(v5_apiuser.c.obj)
                0x038049c4                vexMotorReverseFlagSet
 .text.vexMotorEncoderUnitsSet
                0x038049e4       0x20 C:\Program Files (x86)\VEX Robotics\VEXcode\sdk/vexv5\libv5rt.a(v5_apiuser.c.obj)
                0x038049e4                vexMotorEncoderUnitsSet
 .text.vexMotorBrakeModeSet
                0x03804a04       0x20 C:\Program Files (x86)\VEX Robotics\VEXcode\sdk/vexv5\libv5rt.a(v5_apiuser.c.obj)
                0x03804a04                vexMotorBrakeModeSet
 .text.vexMotorPositionSet
                0x03804a24       0x28 C:\Program Files (x86)\VEX Robotics\VEXcode\sdk/vexv5\libv5rt.a(v5_apiuser.c.obj)
                0x03804a24                vexMotorPositionSet
 .text.vexMotorPositionGet
                0x03804a4c       0x24 C:\Program Files (x86)\VEX Robotics\VEXcode\sdk/vexv5\libv5rt.a(v5_apiuser.c.obj)
                0x03804a4c                vexMotorPositionGet
 .text.vexMotorGearingSet
                0x03804a70       0x20 C:\Program Files (x86)\VEX Robotics\VEXcode\sdk/vexv5\libv5rt.a(v5_apiuser.c.obj)
                0x03804a70                vexMotorGearingSet
 .text.vexMotorGearingGet
                0x03804a90       0x18 C:\Program Files (x86)\VEX Robotics\VEXcode\sdk/vexv5\libv5rt.a(v5_apiuser.c.obj)
                0x03804a90                vexMotorGearingGet
 .text.vexEventMaskSet
                0x03804aa8       0x28 C:\Program Files (x86)\VEX Robotics\VEXcode\sdk/vexv5\libv5rt.a(v5_apiuser.c.obj)
                0x03804aa8                vexEventMaskSet
 .text.vexEventMaskGet
                0x03804ad0       0x18 C:\Program Files (x86)\VEX Robotics\VEXcode\sdk/vexv5\libv5rt.a(v5_apiuser.c.obj)
                0x03804ad0                vexEventMaskGet
 .text._ZN3vex6device5valueEv
                0x03804ae8        0x8 C:\Program Files (x86)\VEX Robotics\VEXcode\sdk/vexv5\libv5rt.a(vex_device.cpp.obj)
                0x03804ae8                vex::device::value()
 .text._ZN3vex6deviceD2Ev
                0x03804af0        0x4 C:\Program Files (x86)\VEX Robotics\VEXcode\sdk/vexv5\libv5rt.a(vex_device.cpp.obj)
                0x03804af0                vex::device::~device()
                0x03804af0                vex::device::~device()
 .text._ZN3vex6device4initEl
                0x03804af4       0x30 C:\Program Files (x86)\VEX Robotics\VEXcode\sdk/vexv5\libv5rt.a(vex_device.cpp.obj)
                0x03804af4                vex::device::init(long)
 .text._ZN3vex6deviceC2El
                0x03804b24       0x20 C:\Program Files (x86)\VEX Robotics\VEXcode\sdk/vexv5\libv5rt.a(vex_device.cpp.obj)
                0x03804b24                vex::device::device(long)
                0x03804b24                vex::device::device(long)
 .text._ZN3vex6device4typeEv
                0x03804b44       0x10 C:\Program Files (x86)\VEX Robotics\VEXcode\sdk/vexv5\libv5rt.a(vex_device.cpp.obj)
                0x03804b44                vex::device::type()
 .text._ZN3vex6device9installedEv
                0x03804b54       0x14 C:\Program Files (x86)\VEX Robotics\VEXcode\sdk/vexv5\libv5rt.a(vex_device.cpp.obj)
                0x03804b54                vex::device::installed()
 .text.__libc_fini_array
                0x03804b68       0x30 C:\Program Files (x86)\VEX Robotics\VEXcode\sdk/vexv5/gcc/libs\libc.a(lib_a-fini.o)
                0x03804b68                __libc_fini_array
 .text.__libc_init_array
                0x03804b98       0x58 C:\Program Files (x86)\VEX Robotics\VEXcode\sdk/vexv5/gcc/libs\libc.a(lib_a-init.o)
                0x03804b98                __libc_init_array
 .text.__libc_init_array.__stub
                0x03804bf0       0x18 linker stubs
 *(.gnu.linkonce.t.*)
 *(.plt)
 *(.gnu_warning)
 *(.gcc_except_table)
 *(.glue_7)
 .glue_7        0x00000000        0x0 linker stubs
 *(.glue_7t)
 .glue_7t       0x00000000        0x0 linker stubs
 *(.vfp11_veneer)
 .vfp11_veneer  0x00000000        0x0 linker stubs
 *(.ARM.extab)
 *(.gnu.linkonce.armextab.*)

.v4_bx          0x03804c08        0x0
 .v4_bx         0x00000000        0x0 linker stubs

.iplt           0x03804c08        0x0
 .iplt          0x00000000        0x0 build/src/main.o

.init
 *(.init)

.fini
 *(.fini)

.rodata         0x03804c08       0xec
                0x03804c08                __rodata_start = .
 *(.rodata)
 *(.rodata.*)
 .rodata.str1.1
                0x03804c08        0x5 build/src/main.o
 .rodata.str1.1
                0x03804c0d       0x2e C:\Program Files (x86)\VEX Robotics\VEXcode\sdk/vexv5\libv5rt.a(v5_startup.c.obj)
 *fill*         0x03804c3b        0x1 
 .rodata._ZN3vex6PORT22E
                0x03804c3c        0x4 C:\Program Files (x86)\VEX Robotics\VEXcode\sdk/vexv5\libv5rt.a(vex_global.cpp.obj)
                0x03804c3c                vex::PORT22
 .rodata._ZN3vex6PORT11E
                0x03804c40        0x4 C:\Program Files (x86)\VEX Robotics\VEXcode\sdk/vexv5\libv5rt.a(vex_global.cpp.obj)
                0x03804c40                vex::PORT11
 .rodata._ZN3vex6PORT12E
                0x03804c44        0x4 C:\Program Files (x86)\VEX Robotics\VEXcode\sdk/vexv5\libv5rt.a(vex_global.cpp.obj)
                0x03804c44                vex::PORT12
 .rodata._ZN3vex5PORT6E
                0x03804c48        0x4 C:\Program Files (x86)\VEX Robotics\VEXcode\sdk/vexv5\libv5rt.a(vex_global.cpp.obj)
                0x03804c48                vex::PORT6
 .rodata._ZN3vex5PORT7E
                0x03804c4c        0x4 C:\Program Files (x86)\VEX Robotics\VEXcode\sdk/vexv5\libv5rt.a(vex_global.cpp.obj)
                0x03804c4c                vex::PORT7
 .rodata._ZN3vex6PORT21E
                0x03804c50        0x4 C:\Program Files (x86)\VEX Robotics\VEXcode\sdk/vexv5\libv5rt.a(vex_global.cpp.obj)
                0x03804c50                vex::PORT21
 .rodata._ZN3vex5PORT9E
                0x03804c54        0x4 C:\Program Files (x86)\VEX Robotics\VEXcode\sdk/vexv5\libv5rt.a(vex_global.cpp.obj)
                0x03804c54                vex::PORT9
 .rodata._ZN3vex6PORT19E
                0x03804c58        0x4 C:\Program Files (x86)\VEX Robotics\VEXcode\sdk/vexv5\libv5rt.a(vex_global.cpp.obj)
                0x03804c58                vex::PORT19
 .rodata._ZN3vex6PORT20E
                0x03804c5c        0x4 C:\Program Files (x86)\VEX Robotics\VEXcode\sdk/vexv5\libv5rt.a(vex_global.cpp.obj)
                0x03804c5c                vex::PORT20
 .rodata._ZTVN3vex5motorE
                0x03804c60       0x10 C:\Program Files (x86)\VEX Robotics\VEXcode\sdk/vexv5\libv5rt.a(vex_motor.cpp.obj)
                0x03804c60                vtable for vex::motor
 .rodata.CSWTCH.15
                0x03804c70        0xb C:\Program Files (x86)\VEX Robotics\VEXcode\sdk/vexv5\libv5rt.a(vex_controller.cpp.obj)
 .rodata.CSWTCH.17
                0x03804c7b        0xb C:\Program Files (x86)\VEX Robotics\VEXcode\sdk/vexv5\libv5rt.a(vex_controller.cpp.obj)
 .rodata.CSWTCH.23
                0x03804c86        0x3 C:\Program Files (x86)\VEX Robotics\VEXcode\sdk/vexv5\libv5rt.a(vex_controller.cpp.obj)
 .rodata.str1.1
                0x03804c89        0xa C:\Program Files (x86)\VEX Robotics\VEXcode\sdk/vexv5\libv5rt.a(vex_task.cpp.obj)
 .rodata.str1.1
                0x03804c93       0x1a C:\Program Files (x86)\VEX Robotics\VEXcode\sdk/vexv5\libv5rt.a(vex_brain.cpp.obj)
 *fill*         0x03804cad        0x3 
 .rodata._ZTVN3vex7triportE
                0x03804cb0       0x10 C:\Program Files (x86)\VEX Robotics\VEXcode\sdk/vexv5\libv5rt.a(vex_triport.cpp.obj)
                0x03804cb0                vtable for vex::triport
 .rodata.CSWTCH.30
                0x03804cc0       0x10 C:\Program Files (x86)\VEX Robotics\VEXcode\sdk/vexv5\libv5rt.a(vex_triport.cpp.obj)
 .rodata.CSWTCH.25
                0x03804cd0        0xe C:\Program Files (x86)\VEX Robotics\VEXcode\sdk/vexv5\libv5rt.a(vex_triport.cpp.obj)
 *fill*         0x03804cde        0x2 
 .rodata._ZTVN3vex6deviceE
                0x03804ce0       0x10 C:\Program Files (x86)\VEX Robotics\VEXcode\sdk/vexv5\libv5rt.a(vex_device.cpp.obj)
                0x03804ce0                vtable for vex::device
 .rodata.str1.4
                0x03804cf0        0x4 C:\Program Files (x86)\VEX Robotics\VEXcode\sdk/vexv5/gcc/libs\libc.a(lib_a-impure.o)
                                  0x2 (size before relaxing)
 *(.gnu.linkonce.r.*)
                0x03804cf4                __rodata_end = .

.rodata1        0x03804cf4        0x0
                0x03804cf4                __rodata1_start = .
 *(.rodata1)
 *(.rodata1.*)
                0x03804cf4                __rodata1_end = .

.sdata2         0x03804cf4        0x0
                0x03804cf4                __sdata2_start = .
 *(.sdata2)
 *(.sdata2.*)
 *(.gnu.linkonce.s2.*)
                0x03804cf4                __sdata2_end = .

.sbss2          0x03804cf4        0x0
                0x03804cf4                __sbss2_start = .
 *(.sbss2)
 *(.sbss2.*)
 *(.gnu.linkonce.sb2.*)
                0x03804cf4                __sbss2_end = .

.data           0x03804cf8      0x43c
                0x03804cf8                __data_start = .
 *(.data)
 *(.data.*)
 .data.appRunning
                0x03804cf8        0x4 C:\Program Files (x86)\VEX Robotics\VEXcode\sdk/vexv5\libv5rt.a(v5_startup.c.obj)
                0x03804cf8                appRunning
 .data.__yoff   0x03804cfc        0x4 C:\Program Files (x86)\VEX Robotics\VEXcode\sdk/vexv5\libv5rt.a(v5_apijump.c.obj)
 .data._ZN3vex9ratio18_1E
                0x03804d00        0x4 C:\Program Files (x86)\VEX Robotics\VEXcode\sdk/vexv5\libv5rt.a(vex_global.cpp.obj)
                0x03804d00                vex::ratio18_1
 *fill*         0x03804d04        0x4 
 .data.impure_data
                0x03804d08      0x428 C:\Program Files (x86)\VEX Robotics\VEXcode\sdk/vexv5/gcc/libs\libc.a(lib_a-impure.o)
 .data._impure_ptr
                0x03805130        0x4 C:\Program Files (x86)\VEX Robotics\VEXcode\sdk/vexv5/gcc/libs\libc.a(lib_a-impure.o)
                0x03805130                _impure_ptr
 *(.gnu.linkonce.d.*)
 *(.jcr)
 *(.got)
 *(.got.plt)
                0x03805134                __data_end = .

.igot.plt       0x03805134        0x0
 .igot.plt      0x00000000        0x0 build/src/main.o

.data1          0x03805134        0x0
                0x03805134                __data1_start = .
 *(.data1)
 *(.data1.*)
                0x03805134                __data1_end = .

.got
 *(.got)

.ctors          0x03805134        0x0
                0x03805134                __CTOR_LIST__ = .
                0x03805134                ___CTORS_LIST___ = .
 *crtbegin.o(.ctors)
 *(EXCLUDE_FILE(*crtend.o) .ctors)
 *(SORT(.ctors.*))
 *(.ctors)
                0x03805134                __CTOR_END__ = .
                0x03805134                ___CTORS_END___ = .

.dtors          0x03805134        0x0
                0x03805134                __DTOR_LIST__ = .
                0x03805134                ___DTORS_LIST___ = .
 *crtbegin.o(.dtors)
 *(EXCLUDE_FILE(*crtend.o) .dtors)
 *(SORT(.dtors.*))
 *(.dtors)
                0x03805134                __DTOR_END__ = .
                0x03805134                ___DTORS_END___ = .

.fixup          0x03805134        0x0
                0x03805134                __fixup_start = .
 *(.fixup)
                0x03805134                __fixup_end = .

.eh_frame
 *(.eh_frame)

.eh_framehdr    0x03805134        0x0
                0x03805134                __eh_framehdr_start = .
 *(.eh_framehdr)
                0x03805134                __eh_framehdr_end = .

.gcc_except_table
 *(.gcc_except_table)

.mmu_tbl        0x03808000        0x0
                0x03808000                __mmu_tbl_start = .
 *(.mmu_tbl)
                0x03808000                __mmu_tbl_end = .

.ARM.exidx      0x03805134        0x8
                0x03805134                __exidx_start = .
 *(.ARM.exidx*)
 .ARM.exidx.text._Z7aut_ygoffi
                0x03805134        0x8 build/src/main.o
 .ARM.exidx.text._Z9aut_punchv
                0x0380513c        0x0 build/src/main.o
                                  0x8 (size before relaxing)
 .ARM.exidx.text._Z10aut_finishv
                0x0380513c        0x0 build/src/main.o
                                  0x8 (size before relaxing)
 .ARM.exidx.text._Z8aut_tygoffi
                0x0380513c        0x0 build/src/main.o
                                  0x8 (size before relaxing)
 .ARM.exidx.text._Z8aut_xxgoffi
                0x0380513c        0x0 build/src/main.o
                                  0x8 (size before relaxing)
 .ARM.exidx.text._Z13autoTurnRightffi
                0x0380513c        0x0 build/src/main.o
                                  0x8 (size before relaxing)
 .ARM.exidx.text._Z12autoTurnLeftffi
                0x0380513c        0x0 build/src/main.o
                                  0x8 (size before relaxing)
 .ARM.exidx.text._Z10autonomousv
                0x0380513c        0x0 build/src/main.o
                                  0x8 (size before relaxing)
 .ARM.exidx.text._Z11usercontrolv
                0x0380513c        0x0 build/src/main.o
                                  0x8 (size before relaxing)
 .ARM.exidx.text.main
                0x0380513c        0x0 build/src/main.o
                                  0x8 (size before relaxing)
 .ARM.exidx.text._GLOBAL__sub_I_main.cpp
                0x0380513c        0x0 build/src/main.o
                                  0x8 (size before relaxing)
 *(.gnu.linkonce.armexidix.*.*)
                0x0380513c                __exidx_end = .

.rel.dyn        0x0380513c        0x0
 .rel.iplt      0x00000000        0x0 build/src/main.o

.preinit_array  0x0380513c        0x0
                0x0380513c                __preinit_array_start = .
 *(SORT(.preinit_array.*))
 *(.preinit_array)
                0x0380513c                __preinit_array_end = .

.init_array     0x0380513c       0x10
                0x0380513c                __init_array_start = .
 *(SORT(.init_array.*))
 *(.init_array)
 .init_array    0x0380513c        0x4 build/src/main.o
 .init_array    0x03805140        0x4 C:\Program Files (x86)\VEX Robotics\VEXcode\sdk/vexv5\libv5rt.a(vex_motor.cpp.obj)
 .init_array    0x03805144        0x4 C:\Program Files (x86)\VEX Robotics\VEXcode\sdk/vexv5\libv5rt.a(vex_triport.cpp.obj)
 .init_array    0x03805148        0x4 C:\Program Files (x86)\VEX Robotics\VEXcode\sdk/vexv5\libv5rt.a(vex_color.cpp.obj)
                0x0380514c                __init_array_end = .

.fini_array     0x0380514c        0x0
                0x0380514c                __fini_array_start = .
 *(SORT(.fini_array.*))
 *(.fini_array)
                0x0380514c                __fini_array_end = .

.ARM.attributes
                0x0380514c       0x3c
                0x0380514c                __ARM.attributes_start = .
 *(.ARM.attributes)
 .ARM.attributes
                0x0380514c       0x3a build/src/main.o
 .ARM.attributes
                0x03805186       0x35 C:\Program Files (x86)\VEX Robotics\VEXcode\sdk/vexv5\libv5rt.a(v5_startup.c.obj)
 .ARM.attributes
                0x038051bb       0x35 C:\Program Files (x86)\VEX Robotics\VEXcode\sdk/vexv5\libv5rt.a(v5_util.c.obj)
 .ARM.attributes
                0x038051f0       0x35 C:\Program Files (x86)\VEX Robotics\VEXcode\sdk/vexv5\libv5rt.a(v5_apijump.c.obj)
 .ARM.attributes
                0x03805225       0x35 C:\Program Files (x86)\VEX Robotics\VEXcode\sdk/vexv5\libv5rt.a(v5_apiversions.c.obj)
 .ARM.attributes
                0x0380525a       0x35 C:\Program Files (x86)\VEX Robotics\VEXcode\sdk/vexv5\libv5rt.a(vex_global.cpp.obj)
 .ARM.attributes
                0x0380528f       0x35 C:\Program Files (x86)\VEX Robotics\VEXcode\sdk/vexv5\libv5rt.a(vex_motor.cpp.obj)
 .ARM.attributes
                0x038052c4       0x35 C:\Program Files (x86)\VEX Robotics\VEXcode\sdk/vexv5\libv5rt.a(vex_controller.cpp.obj)
 .ARM.attributes
                0x038052f9       0x35 C:\Program Files (x86)\VEX Robotics\VEXcode\sdk/vexv5\libv5rt.a(vex_task.cpp.obj)
 .ARM.attributes
                0x0380532e       0x35 C:\Program Files (x86)\VEX Robotics\VEXcode\sdk/vexv5\libv5rt.a(vex_event.cpp.obj)
 .ARM.attributes
                0x03805363       0x35 C:\Program Files (x86)\VEX Robotics\VEXcode\sdk/vexv5\libv5rt.a(vex_mevent.cpp.obj)
 .ARM.attributes
                0x03805398       0x35 C:\Program Files (x86)\VEX Robotics\VEXcode\sdk/vexv5\libv5rt.a(vex_brain.cpp.obj)
 .ARM.attributes
                0x038053cd       0x35 C:\Program Files (x86)\VEX Robotics\VEXcode\sdk/vexv5\libv5rt.a(vex_competition.cpp.obj)
 .ARM.attributes
                0x03805402       0x35 C:\Program Files (x86)\VEX Robotics\VEXcode\sdk/vexv5\libv5rt.a(vex_triport.cpp.obj)
 .ARM.attributes
                0x03805437       0x35 C:\Program Files (x86)\VEX Robotics\VEXcode\sdk/vexv5\libv5rt.a(vex_color.cpp.obj)
 .ARM.attributes
                0x0380546c       0x35 C:\Program Files (x86)\VEX Robotics\VEXcode\sdk/vexv5\libv5rt.a(vex_timer.cpp.obj)
 .ARM.attributes
                0x038054a1       0x35 C:\Program Files (x86)\VEX Robotics\VEXcode\sdk/vexv5\libv5rt.a(v5_apiuser.c.obj)
 .ARM.attributes
                0x038054d6       0x35 C:\Program Files (x86)\VEX Robotics\VEXcode\sdk/vexv5\libv5rt.a(vex_device.cpp.obj)
 .ARM.attributes
                0x0380550b       0x2b C:\Program Files (x86)\VEX Robotics\VEXcode\sdk/vexv5/gcc/libs\libc.a(lib_a-fini.o)
 .ARM.attributes
                0x03805536       0x2b C:\Program Files (x86)\VEX Robotics\VEXcode\sdk/vexv5/gcc/libs\libc.a(lib_a-impure.o)
 .ARM.attributes
                0x03805561       0x2b C:\Program Files (x86)\VEX Robotics\VEXcode\sdk/vexv5/gcc/libs\libc.a(lib_a-init.o)
                0x0380558c                __ARM.attributes_end = .

.sdata          0x0380514c        0x0
                0x0380514c                __sdata_start = .
 *(.sdata)
 *(.sdata.*)
 *(.gnu.linkonce.s.*)
                0x0380514c                __sdata_end = .

.sbss           0x0380514c        0x0
                0x0380514c                __sbss_start = .
 *(.sbss)
 *(.sbss.*)
 *(.gnu.linkonce.sb.*)
                0x0380514c                __sbss_end = .

.tdata          0x0380514c        0x0
                0x0380514c                __tdata_start = .
 *(.tdata)
 *(.tdata.*)
 *(.gnu.linkonce.td.*)
                0x0380514c                __tdata_end = .

.tbss           0x0380514c        0x0
                0x0380514c                __tbss_start = .
 *(.tbss)
 *(.tbss.*)
 *(.gnu.linkonce.tb.*)
                0x0380514c                __tbss_end = .

.bss            0x0380514c      0x728
                0x0380514c                __bss_start = .
 *(.bss)
 *(.bss.*)
 .bss.Brain     0x0380514c      0x2e0 build/src/main.o
                0x0380514c                Brain
 .bss.Competition
                0x0380542c       0x28 build/src/main.o
                0x0380542c                Competition
 .bss.LF        0x03805454       0x28 build/src/main.o
                0x03805454                LF
 .bss.XX        0x0380547c       0x28 build/src/main.o
                0x0380547c                XX
 .bss.RB        0x038054a4       0x28 build/src/main.o
                0x038054a4                RB
 .bss.LB        0x038054cc       0x28 build/src/main.o
                0x038054cc                LB
 .bss.TT        0x038054f4       0x28 build/src/main.o
                0x038054f4                TT
 .bss.RF        0x0380551c       0x28 build/src/main.o
                0x0380551c                RF
 .bss.motor_19  0x03805544       0x28 build/src/main.o
                0x03805544                motor_19
 .bss.motor_20  0x0380556c       0x28 build/src/main.o
                0x0380556c                motor_20
 .bss.bum_a     0x03805594       0x20 build/src/main.o
                0x03805594                bum_a
 .bss.limit_g   0x038055b4       0x20 build/src/main.o
                0x038055b4                limit_g
 .bss.pot_h     0x038055d4       0x1c build/src/main.o
                0x038055d4                pot_h
 .bss.pot_b     0x038055f0       0x1c build/src/main.o
                0x038055f0                pot_b
 .bss.con       0x0380560c      0x1e0 build/src/main.o
                0x0380560c                con
 .bss.__dso_handle
                0x038057ec        0x4 C:\Program Files (x86)\VEX Robotics\VEXcode\sdk/vexv5\libv5rt.a(v5_startup.c.obj)
                0x038057ec                __dso_handle
 .bss._ZN3vex9ratio36_1E
                0x038057f0        0x4 C:\Program Files (x86)\VEX Robotics\VEXcode\sdk/vexv5\libv5rt.a(vex_global.cpp.obj)
                0x038057f0                vex::ratio36_1
 .bss._ZStL8__ioinit
                0x038057f4        0x1 C:\Program Files (x86)\VEX Robotics\VEXcode\sdk/vexv5\libv5rt.a(vex_motor.cpp.obj)
 *fill*         0x038057f5        0x3 
 .bss._ZN3vex4task8_labelIdE
                0x038057f8        0x4 C:\Program Files (x86)\VEX Robotics\VEXcode\sdk/vexv5\libv5rt.a(vex_task.cpp.obj)
                0x038057f8                vex::task::_labelId
 .bss._ZN3vex11competition22bStopTasksBetweenModesE
                0x038057fc        0x1 C:\Program Files (x86)\VEX Robotics\VEXcode\sdk/vexv5\libv5rt.a(vex_competition.cpp.obj)
                0x038057fc                vex::competition::bStopTasksBetweenModes
 .bss._ZN3vex11competition25bStopAllTasksBetweenModesE
                0x038057fd        0x1 C:\Program Files (x86)\VEX Robotics\VEXcode\sdk/vexv5\libv5rt.a(vex_competition.cpp.obj)
                0x038057fd                vex::competition::bStopAllTasksBetweenModes
 .bss._ZN3vex11competition14_auton_pendingE
                0x038057fe        0x1 C:\Program Files (x86)\VEX Robotics\VEXcode\sdk/vexv5\libv5rt.a(vex_competition.cpp.obj)
                0x038057fe                vex::competition::_auton_pending
 *fill*         0x038057ff        0x1 
 .bss._ZN3vex11competition20_autonomous_callbackE
                0x03805800        0x4 C:\Program Files (x86)\VEX Robotics\VEXcode\sdk/vexv5\libv5rt.a(vex_competition.cpp.obj)
                0x03805800                vex::competition::_autonomous_callback
 .bss._ZN3vex11competition23_drivercontrol_callbackE
                0x03805804        0x4 C:\Program Files (x86)\VEX Robotics\VEXcode\sdk/vexv5\libv5rt.a(vex_competition.cpp.obj)
                0x03805804                vex::competition::_drivercontrol_callback
 .bss._ZN3vex11competition15_driver_pendingE
                0x03805808        0x1 C:\Program Files (x86)\VEX Robotics\VEXcode\sdk/vexv5\libv5rt.a(vex_competition.cpp.obj)
                0x03805808                vex::competition::_driver_pending
 .bss._ZStL8__ioinit
                0x03805809        0x1 C:\Program Files (x86)\VEX Robotics\VEXcode\sdk/vexv5\libv5rt.a(vex_triport.cpp.obj)
 *fill*         0x0380580a        0x2 
 .bss._ZN3vex5color6orangeE
                0x0380580c        0x8 C:\Program Files (x86)\VEX Robotics\VEXcode\sdk/vexv5\libv5rt.a(vex_color.cpp.obj)
                0x0380580c                vex::color::orange
 .bss._ZN3vex5color5blackE
                0x03805814        0x8 C:\Program Files (x86)\VEX Robotics\VEXcode\sdk/vexv5\libv5rt.a(vex_color.cpp.obj)
                0x03805814                vex::color::black
 .bss._ZN3vex5color6yellowE
                0x0380581c        0x8 C:\Program Files (x86)\VEX Robotics\VEXcode\sdk/vexv5\libv5rt.a(vex_color.cpp.obj)
                0x0380581c                vex::color::yellow
 .bss._ZN3vex5color5greenE
                0x03805824        0x8 C:\Program Files (x86)\VEX Robotics\VEXcode\sdk/vexv5\libv5rt.a(vex_color.cpp.obj)
                0x03805824                vex::color::green
 .bss._ZN3vex5color6purpleE
                0x0380582c        0x8 C:\Program Files (x86)\VEX Robotics\VEXcode\sdk/vexv5\libv5rt.a(vex_color.cpp.obj)
                0x0380582c                vex::color::purple
 .bss._ZN3vex5color4cyanE
                0x03805834        0x8 C:\Program Files (x86)\VEX Robotics\VEXcode\sdk/vexv5\libv5rt.a(vex_color.cpp.obj)
                0x03805834                vex::color::cyan
 .bss._ZN3vex5color4blueE
                0x0380583c        0x8 C:\Program Files (x86)\VEX Robotics\VEXcode\sdk/vexv5\libv5rt.a(vex_color.cpp.obj)
                0x0380583c                vex::color::blue
 .bss._ZN3vex5color3redE
                0x03805844        0x8 C:\Program Files (x86)\VEX Robotics\VEXcode\sdk/vexv5\libv5rt.a(vex_color.cpp.obj)
                0x03805844                vex::color::red
 .bss._ZN3vex5color11transparentE
                0x0380584c        0x8 C:\Program Files (x86)\VEX Robotics\VEXcode\sdk/vexv5\libv5rt.a(vex_color.cpp.obj)
                0x0380584c                vex::color::transparent
 .bss._ZN3vex5color5whiteE
                0x03805854        0x8 C:\Program Files (x86)\VEX Robotics\VEXcode\sdk/vexv5\libv5rt.a(vex_color.cpp.obj)
                0x03805854                vex::color::white
 *(.gnu.linkonce.b.*)
 *(COMMON)
 COMMON         0x0380585c       0x18 C:\Program Files (x86)\VEX Robotics\VEXcode\sdk/vexv5\libv5rt.a(v5_startup.c.obj)
                0x03805860                __vex_critical_section
                0x03805874                __bss_end = .
                0x0380514c                _SDA_BASE_ = (__sdata_start + ((__sbss_end - __sdata_start) / 0x2))
                0x03804cf4                _SDA2_BASE_ = (__sdata2_start + ((__sbss2_end - __sdata2_start) / 0x2))

.heap           0x03805874   0x10000c
                0x03805880                . = ALIGN (0x10)
 *fill*         0x03805874        0xc 
                0x03805880                _heap = .
                0x03805880                HeapBase = .
                0x03805880                _heap_start = .
                0x03905880                . = (. + _HEAP_SIZE)
 *fill*         0x03805880   0x100000 
                0x03905880                _heap_end = .
                0x03905880                HeapLimit = .

.stack          0x03905880     0x3800
                0x03905880                . = ALIGN (0x10)
                0x03905880                _stack_end = .
                0x03907880                . = (. + _STACK_SIZE)
 *fill*         0x03905880     0x2000 
                0x03907880                . = ALIGN (0x10)
                0x03907880                _stack = .
                0x03907880                __stack = _stack
                0x03907880                . = ALIGN (0x10)
                0x03907880                _irq_stack_end = .
                0x03907c80                . = (. + _IRQ_STACK_SIZE)
 *fill*         0x03907880      0x400 
                0x03907c80                . = ALIGN (0x10)
                0x03907c80                __irq_stack = .
                0x03907c80                _supervisor_stack_end = .
                0x03908480                . = (. + _SUPERVISOR_STACK_SIZE)
 *fill*         0x03907c80      0x800 
                0x03908480                . = ALIGN (0x10)
                0x03908480                __supervisor_stack = .
                0x03908480                _abort_stack_end = .
                0x03908880                . = (. + _ABORT_STACK_SIZE)
 *fill*         0x03908480      0x400 
                0x03908880                . = ALIGN (0x10)
                0x03908880                __abort_stack = .
                0x03908880                _fiq_stack_end = .
                0x03908c80                . = (. + _FIQ_STACK_SIZE)
 *fill*         0x03908880      0x400 
                0x03908c80                . = ALIGN (0x10)
                0x03908c80                __fiq_stack = .
                0x03908c80                _undef_stack_end = .
                0x03909080                . = (. + _UNDEF_STACK_SIZE)
 *fill*         0x03908c80      0x400 
                0x03909080                . = ALIGN (0x10)
                0x03909080                __undef_stack = .
                0x03909080                _end = .
LOAD C:\Program Files (x86)\VEX Robotics\VEXcode\sdk/vexv5/stdlib_0.lib
LOAD build/src/main.o
START GROUP
LOAD C:\Program Files (x86)\VEX Robotics\VEXcode\sdk/vexv5\libv5rt.a
LOAD C:\Program Files (x86)\VEX Robotics\VEXcode\sdk/vexv5/gcc/libs\libstdc++.a
LOAD C:\Program Files (x86)\VEX Robotics\VEXcode\sdk/vexv5/gcc/libs\libc.a
LOAD C:\Program Files (x86)\VEX Robotics\VEXcode\sdk/vexv5/gcc/libs\libm.a
LOAD C:\Program Files (x86)\VEX Robotics\VEXcode\sdk/vexv5/gcc/libs\libgcc.a
END GROUP
OUTPUT(build/GS8.13hq.elf elf32-littlearm)

.comment        0x00000000       0x9d
 .comment       0x00000000       0x2d build/src/main.o
                                 0x2e (size before relaxing)
 .comment       0x0000002d       0x70 C:\Program Files (x86)\VEX Robotics\VEXcode\sdk/vexv5\libv5rt.a(v5_startup.c.obj)
                                 0x71 (size before relaxing)
 .comment       0x00000000       0x71 C:\Program Files (x86)\VEX Robotics\VEXcode\sdk/vexv5\libv5rt.a(v5_util.c.obj)
 .comment       0x00000000       0x71 C:\Program Files (x86)\VEX Robotics\VEXcode\sdk/vexv5\libv5rt.a(v5_apijump.c.obj)
 .comment       0x00000000       0x71 C:\Program Files (x86)\VEX Robotics\VEXcode\sdk/vexv5\libv5rt.a(v5_apiversions.c.obj)
 .comment       0x00000000       0x71 C:\Program Files (x86)\VEX Robotics\VEXcode\sdk/vexv5\libv5rt.a(vex_global.cpp.obj)
 .comment       0x00000000       0x71 C:\Program Files (x86)\VEX Robotics\VEXcode\sdk/vexv5\libv5rt.a(vex_motor.cpp.obj)
 .comment       0x00000000       0x71 C:\Program Files (x86)\VEX Robotics\VEXcode\sdk/vexv5\libv5rt.a(vex_controller.cpp.obj)
 .comment       0x00000000       0x71 C:\Program Files (x86)\VEX Robotics\VEXcode\sdk/vexv5\libv5rt.a(vex_task.cpp.obj)
 .comment       0x00000000       0x71 C:\Program Files (x86)\VEX Robotics\VEXcode\sdk/vexv5\libv5rt.a(vex_event.cpp.obj)
 .comment       0x00000000       0x71 C:\Program Files (x86)\VEX Robotics\VEXcode\sdk/vexv5\libv5rt.a(vex_mevent.cpp.obj)
 .comment       0x00000000       0x71 C:\Program Files (x86)\VEX Robotics\VEXcode\sdk/vexv5\libv5rt.a(vex_brain.cpp.obj)
 .comment       0x00000000       0x71 C:\Program Files (x86)\VEX Robotics\VEXcode\sdk/vexv5\libv5rt.a(vex_competition.cpp.obj)
 .comment       0x00000000       0x71 C:\Program Files (x86)\VEX Robotics\VEXcode\sdk/vexv5\libv5rt.a(vex_triport.cpp.obj)
 .comment       0x00000000       0x71 C:\Program Files (x86)\VEX Robotics\VEXcode\sdk/vexv5\libv5rt.a(vex_color.cpp.obj)
 .comment       0x00000000       0x71 C:\Program Files (x86)\VEX Robotics\VEXcode\sdk/vexv5\libv5rt.a(vex_timer.cpp.obj)
 .comment       0x00000000       0x71 C:\Program Files (x86)\VEX Robotics\VEXcode\sdk/vexv5\libv5rt.a(v5_apiuser.c.obj)
 .comment       0x00000000       0x71 C:\Program Files (x86)\VEX Robotics\VEXcode\sdk/vexv5\libv5rt.a(vex_device.cpp.obj)

.note.GNU-stack
                0x00000000        0x0
 .note.GNU-stack
                0x00000000        0x0 build/src/main.o

.debug_frame    0x00000000       0x60
 .debug_frame   0x00000000       0x34 C:\Program Files (x86)\VEX Robotics\VEXcode\sdk/vexv5/gcc/libs\libc.a(lib_a-fini.o)
 .debug_frame   0x00000034       0x2c C:\Program Files (x86)\VEX Robotics\VEXcode\sdk/vexv5/gcc/libs\libc.a(lib_a-init.o)
